###############################################################################
#
# IAR ELF Linker V8.22.2.15995/W32 for ARM                31/Jul/2021  20:43:36
# Copyright 2007-2018 IAR Systems AB.
#
#    Output file  =  D:\IAR\savelocation\DeYan_UAV\Debug\Exe\DeYan_UAV.out
#    Map file     =  D:\IAR\savelocation\DeYan_UAV\Debug\List\DeYan_UAV.map
#    Command line =  
#        -f D:\User\Temp\EW6131.tmp
#        (D:\IAR\savelocation\DeYan_UAV\Debug\Obj\BSP_Init.o
#        D:\IAR\savelocation\DeYan_UAV\Debug\Obj\Drv_adc.o
#        D:\IAR\savelocation\DeYan_UAV\Debug\Obj\Drv_ak8975.o
#        D:\IAR\savelocation\DeYan_UAV\Debug\Obj\Drv_icm20602.o
#        D:\IAR\savelocation\DeYan_UAV\Debug\Obj\Drv_led.o
#        D:\IAR\savelocation\DeYan_UAV\Debug\Obj\Drv_pwm_in.o
#        D:\IAR\savelocation\DeYan_UAV\Debug\Obj\Drv_pwm_out.o
#        D:\IAR\savelocation\DeYan_UAV\Debug\Obj\Drv_soft_i2c.o
#        D:\IAR\savelocation\DeYan_UAV\Debug\Obj\Drv_spi.o
#        D:\IAR\savelocation\DeYan_UAV\Debug\Obj\Drv_spl06.o
#        D:\IAR\savelocation\DeYan_UAV\Debug\Obj\Drv_time.o
#        D:\IAR\savelocation\DeYan_UAV\Debug\Obj\Drv_usart.o
#        D:\IAR\savelocation\DeYan_UAV\Debug\Obj\Drv_vl53l0x.o
#        D:\IAR\savelocation\DeYan_UAV\Debug\Obj\Drv_w25qxx.o
#        D:\IAR\savelocation\DeYan_UAV\Debug\Obj\DY_AltCtrl.o
#        D:\IAR\savelocation\DeYan_UAV\Debug\Obj\DY_AttCtrl.o
#        D:\IAR\savelocation\DeYan_UAV\Debug\Obj\DY_DT.o
#        D:\IAR\savelocation\DeYan_UAV\Debug\Obj\DY_FcData.o
#        D:\IAR\savelocation\DeYan_UAV\Debug\Obj\DY_Filter.o
#        D:\IAR\savelocation\DeYan_UAV\Debug\Obj\DY_Flight_Log.o
#        D:\IAR\savelocation\DeYan_UAV\Debug\Obj\DY_FlightCtrl.o
#        D:\IAR\savelocation\DeYan_UAV\Debug\Obj\DY_FlightDataCal.o
#        D:\IAR\savelocation\DeYan_UAV\Debug\Obj\DY_Imu.o
#        D:\IAR\savelocation\DeYan_UAV\Debug\Obj\DY_LocCtrl.o
#        D:\IAR\savelocation\DeYan_UAV\Debug\Obj\DY_MagProcess.o
#        D:\IAR\savelocation\DeYan_UAV\Debug\Obj\DY_Math.o
#        D:\IAR\savelocation\DeYan_UAV\Debug\Obj\DY_MotionCal.o
#        D:\IAR\savelocation\DeYan_UAV\Debug\Obj\DY_MotorCtrl.o
#        D:\IAR\savelocation\DeYan_UAV\Debug\Obj\DY_Navigate.o
#        D:\IAR\savelocation\DeYan_UAV\Debug\Obj\DY_OF.o
#        D:\IAR\savelocation\DeYan_UAV\Debug\Obj\DY_Parameter.o
#        D:\IAR\savelocation\DeYan_UAV\Debug\Obj\DY_Pid.o
#        D:\IAR\savelocation\DeYan_UAV\Debug\Obj\DY_power.o
#        D:\IAR\savelocation\DeYan_UAV\Debug\Obj\DY_RC.o
#        D:\IAR\savelocation\DeYan_UAV\Debug\Obj\DY_Scheduler.o
#        D:\IAR\savelocation\DeYan_UAV\Debug\Obj\DY_Tracking.o
#        D:\IAR\savelocation\DeYan_UAV\Debug\Obj\main.o
#        D:\IAR\savelocation\DeYan_UAV\Debug\Obj\operation.o
#        D:\IAR\savelocation\DeYan_UAV\Debug\Obj\OpticalFlow.o
#        D:\IAR\savelocation\DeYan_UAV\Debug\Obj\startup_msp432e401y_ewarm.o
#        D:\IAR\savelocation\DeYan_UAV\Debug\Obj\system_msp432e401y.o
#        D:\IAR\savelocation\DeYan_UAV\Debug\Obj\uartstdio.o
#        D:\IAR\savelocation\DeYan_UAV\Debug\Obj\vl53l0x_api.o
#        D:\IAR\savelocation\DeYan_UAV\Debug\Obj\vl53l0x_api_calibration.o
#        D:\IAR\savelocation\DeYan_UAV\Debug\Obj\vl53l0x_api_core.o
#        D:\IAR\savelocation\DeYan_UAV\Debug\Obj\vl53l0x_api_ranging.o
#        D:\IAR\savelocation\DeYan_UAV\Debug\Obj\vl53l0x_api_strings.o
#        D:\IAR\savelocation\DeYan_UAV\Debug\Obj\vl53l0x_i2c.o
#        D:\IAR\savelocation\DeYan_UAV\Debug\Obj\vl53l0x_platform.o -o
#        D:\IAR\savelocation\DeYan_UAV\Debug\Exe\DeYan_UAV.out --map
#        D:\IAR\savelocation\DeYan_UAV\Debug\List\DeYan_UAV.map --config
#        D:\IAR\savelocation\DeYan_UAV\msp432e401y.icf
#        D:\IAR\TI\simplelink_msp432e4_sdk_2_20_00_20/source/ti/display/lib/display.arm4f
#        D:\IAR\TI\simplelink_msp432e4_sdk_2_20_00_20/source/ti/grlib/lib/iar/m4f/grlib.a
#        D:\IAR\TI\simplelink_msp432e4_sdk_2_20_00_20/source/third_party/spiffs/lib/iar/m4f/spiffs.a
#        D:\IAR\TI\simplelink_msp432e4_sdk_2_20_00_20/source/ti/drivers/lib/drivers_msp432e4.arm4f
#        D:\IAR\TI\simplelink_msp432e4_sdk_2_20_00_20/source/third_party/fatfs/lib/iar/m4f/fatfs.a
#        D:\IAR\TI\simplelink_msp432e4_sdk_2_20_00_20/source/ti/devices/msp432e4/driverlib/lib/iar/m4f/msp432e4_driverlib.a
#        --silent --cpu=Cortex-M4F --redirect _Printf=_PrintfSmall --redirect
#        _Scanf=_ScanfSmall --semihosting
#        D:\IAR\savelocation\DeYan_UAV\Library\DeYan_UAV.a
#        D:\IAR\savelocation\DeYan_UAV\FlyControl_Algorithm\src\FlyControl_Algorithm.a
#        --entry __iar_program_start --vfe --text_out locale)
#
###############################################################################

*******************************************************************************
*** RUNTIME MODEL ATTRIBUTES
***

CppFlavor       = *
__SystemLibrary = DLib
__dlib_version  = 6


*******************************************************************************
*** HEAP SELECTION
***

The basic heap was selected because no calls to memory allocation
functions were found in the application outside of system library
functions, and there are calls to deallocation functions in the
application.


*******************************************************************************
*** PLACEMENT SUMMARY
***

"A0":  place at 0x00008000 { ro section .intvec };
"P1":  place in [from 0x00008000 to 0x000fffff] { ro };
define block CSTACK with size = 4K, alignment = 8 { };
define block PROC_STACK with size = 0M, alignment = 8 { };
define block HEAP with size = 8K, alignment = 8 { };
"P3":  place in [from 0x00000000 to 0x00000000] |
                [from 0x20000000 to 0x2003ffff] {
          rw, block CSTACK, block PROC_STACK, block HEAP };
do not initialize { section .noinit };
initialize by copy { rw };

No sections matched the following patterns:

  ro section application_specific_ro  in "P2|P4"
  rw section application_specific_rw  in "P2|P4"


  Section            Kind        Address     Size  Object
  -------            ----        -------     ----  ------
"A0":                                       0x208
  .intvec            const    0x00008000    0x208  startup_msp432e401y_ewarm.o [1]
                            - 0x00008208    0x208

"P1":                                     0x10982
  .text              ro code  0x00008208   0x1fdc  DY_DT.o [1]
  .text              ro code  0x0000a1e4    0x3f0  DY_Parameter.o [1]
  .text              ro code  0x0000a5d4    0x970  DY_FlightCtrl.o [1]
  .text              ro code  0x0000af44     0x2c  DY_FcData.o [1]
  .text              ro code  0x0000af70    0xcac  Drv_icm20602.o [1]
  .text              ro code  0x0000bc1c    0x438  Drv_w25qxx.o [1]
  .text              ro code  0x0000c054    0x110  DY_FlyControl.o [3]
  .text              ro code  0x0000c164    0xb8c  DY_AttCtrl.o [1]
  .text              ro code  0x0000ccf0    0x4b8  DY_AltCtrl.o [1]
  .text              ro code  0x0000d1a8    0x30c  DY_LocCtrl.o [1]
  .text              ro code  0x0000d4b4    0x280  operation.o [1]
  .text              ro code  0x0000d734    0x278  DY_Math.o [1]
  .text              ro code  0x0000d9ac    0x294  DY_MotionCal.o [1]
  .text              ro code  0x0000dc40    0x178  gpio_MSP432E411Y.obj [6]
  .text              ro code  0x0000ddb8    0x1f8  Drv_spi.o [1]
  .text              ro code  0x0000dfb0    0x108  DY_Pid.o [1]
  .text              ro code  0x0000e0b8     0x76  ABImemcpy_unaligned.o [7]
  .text              ro code  0x0000e130    0x668  Drv_usart.o [1]
  .text              ro code  0x0000e798    0x210  DY_Filter.o [1]
  .text              ro code  0x0000e9a8    0x264  DY_Tracking.o [1]
  .text              ro code  0x0000ec0c      0x6  ABImemclr4.o [7]
  .text              ro code  0x0000ec14     0x22  S32ToDbl.o [5]
  .text              ro code  0x0000ec38    0x1a2  DblMul.o [5]
  .text              ro code  0x0000eddc     0x68  DblToFlt.o [5]
  .text              ro code  0x0000ee44     0x32  ABImemset48.o [7]
  .text              ro code  0x0000ee78   0x1770  vl53l0x_api_core.o [1]
  .text              ro code  0x000105e8   0x113c  vl53l0x_api.o [1]
  .text              ro code  0x00011724    0x2e4  vl53l0x_platform.o [1]
  .text              ro code  0x00011a08     0x44  strcpy_unaligned.o [7]
  .text              ro code  0x00011a4c    0x970  vl53l0x_api_calibration.o [1]
  .text              ro code  0x000123bc      0x8  abs.o [4]
  .text              ro code  0x000123c4    0x120  vl53l0x_api_strings.o [1]
  .text              ro code  0x000124e4    0x11a  vl53l0x_i2c.o [1]
  .text              ro code  0x00012600    0x3c8  Drv_soft_i2c.o [1]
  .text              ro code  0x000129c8    0x4c8  sysctl_MSP432E411Y.obj [6]
  .text              ro code  0x00012e90    0xbd0  Drv_led.o [1]
  .text              ro code  0x00013a60    0xbcc  DY_Imu.o [1]
  .text              ro code  0x0001462c    0xa18  Drv_pwm_in.o [1]
  .text              ro code  0x00015044    0x6b4  DY_RC.o [1]
  .text              ro code  0x000156f8    0x7f0  OpticalFlow.o [1]
  .text              ro code  0x00015ee8    0x1bc  tan32.o [5]
  .text              ro code  0x000160a4    0x6dc  Drv_spl06.o [1]
  .text              ro code  0x00016780     0x48  FltToDbl.o [5]
  .text              ro code  0x000167c8    0x178  DblAdd.o [5]
  .text              ro code  0x00016940     0xd2  DblSub.o [5]
  .text              ro code  0x00016a14    0x558  DY_MagProcess.o [1]
  .rodata            const    0x00016f6c    0x404  DY_Math.o [1]
  .text              ro code  0x00017370    0x34c  DY_FlightDataCal.o [1]
  .text              ro code  0x000176bc    0x100  Drv_ak8975.o [1]
  .text              ro code  0x000177bc    0x224  Drv_pwm_out.o [1]
  .text              ro code  0x000179e0     0x28  DblToU32.o [5]
  .text              ro code  0x00017a08    0x204  DY_Scheduler.o [1]
  .text              ro code  0x00017c0c     0xc8  Drv_time.o [1]
  .text              ro code  0x00017cd4    0x18c  DY_MotorCtrl.o [1]
  .text              ro code  0x00017e60    0x114  DY_Flight_Log.o [1]
  .text              ro code  0x00017f74     0xa0  DY_OF.o [1]
  .text              ro code  0x00018014     0x78  Drv_vl53l0x.o [1]
  .text              ro code  0x0001808c    0x1ac  DY_power.o [1]
  .text              ro code  0x00018238      0xc  systick_MSP432E411Y.obj [6]
  .text              ro code  0x00018244    0x190  BSP_Init.o [1]
  .text              ro code  0x000183d4     0xd8  Drv_adc.o [1]
  .text              ro code  0x000184ac     0xb2  adc_MSP432E411Y.obj [6]
  .text              ro code  0x0001855e     0x9c  packbits_init.o [7]
  .text              ro code  0x000185fa      0x6  abort.o [4]
  .text              ro code  0x00018600     0x14  exit.o [8]
  .text              ro code  0x00018614     0x40  zero_init3.o [7]
  .text              ro code  0x00018654     0x28  data_init.o [7]
  .text              ro code  0x0001867c     0x24  system_msp432e401y.o [1]
  .text              ro code  0x000186a0     0x22  fpinit_M.o [5]
  .iar.init_table    const    0x000186c4     0x2c  - Linker created -
  .text              ro code  0x000186f0     0x1e  cmain.o [7]
  .text              ro code  0x0001870e      0x4  low_level_init.o [4]
  .text              ro code  0x00018714     0x1c  main.o [1]
  .text              ro code  0x00018730      0x4  exit.o [4]
  .text              ro code  0x00018734      0xa  cexit.o [7]
  .rodata            const    0x00018740     0x18  vl53l0x_api_strings.o [1]
  .rodata            const    0x00018758     0x14  DY_Parameter.o [1]
  .rodata            const    0x0001876c     0x10  BSP_Init.o [1]
  .rodata            const    0x0001877c     0x10  Drv_icm20602.o [1]
  .rodata            const    0x0001878c     0x10  Drv_icm20602.o [1]
  .rodata            const    0x0001879c     0x10  DY_Parameter.o [1]
  .text              ro code  0x000187ac      0xe  startup_msp432e401y_ewarm.o [1]
  .text              ro code  0x000187ba      0xc  cstartup_M.o [7]
  .rodata            const    0x000187c8      0xc  DY_Parameter.o [1]
  .rodata            const    0x000187d4      0xc  DY_Parameter.o [1]
  .rodata            const    0x000187e0      0xc  vl53l0x_api_strings.o [1]
  .rodata            const    0x000187ec      0xc  vl53l0x_api_strings.o [1]
  .rodata            const    0x000187f8      0xc  vl53l0x_api_strings.o [1]
  .rodata            const    0x00018804      0x8  DY_FlightCtrl.o [1]
  .rodata            const    0x0001880c      0x8  vl53l0x_api_strings.o [1]
  .rodata            const    0x00018814      0x0  zero_init3.o [7]
  .rodata            const    0x00018814      0x0  packbits_init.o [7]
  Initializer bytes  const    0x00018814    0x376  <for P3 s0>
                            - 0x00018b8a  0x10982

"P3", part 1 of 3:                          0x48c
  P3 s0                       0x20000000    0x48c  <Init block>
    .data            inited   0x20000000    0x1b8  vl53l0x_api.o [1]
    .data            inited   0x200001b8     0xf4  vl53l0x_api.o [1]
    .data            inited   0x200002ac     0xe8  DY_Imu.o [1]
    .data            inited   0x20000394     0x54  DY_Scheduler.o [1]
    .data            inited   0x200003e8     0x20  Drv_usart.o [1]
    .data            inited   0x20000408     0x18  DY_Imu.o [1]
    .data            inited   0x20000420     0x14  Drv_usart.o [1]
    .data            inited   0x20000434     0x10  Drv_led.o [1]
    .data            inited   0x20000444     0x10  vl53l0x_api_calibration.o [1]
    .data            inited   0x20000454      0xc  Drv_icm20602.o [1]
    .data            inited   0x20000460      0x8  operation.o [1]
    .data            inited   0x20000468      0x4  DY_OF.o [1]
    .data            inited   0x2000046c      0x4  DY_power.o [1]
    .data            inited   0x20000470      0x4  operation.o [1]
    .data            inited   0x20000474      0x4  OpticalFlow.o [1]
    .data            inited   0x20000478      0x4  system_msp432e401y.o [1]
    .data            inited   0x2000047c      0x2  Drv_led.o [1]
    .data            inited   0x2000047e      0x2  DY_RC.o [1]
    .data            inited   0x20000480      0x1  DY_DT.o [1]
    .data            inited   0x20000481      0x1  DY_DT.o [1]
    .data            inited   0x20000482      0x1  DY_DT.o [1]
    .data            inited   0x20000483      0x1  DY_DT.o [1]
    .data            inited   0x20000484      0x1  DY_DT.o [1]
    .data            inited   0x20000485      0x1  DY_DT.o [1]
    .data            inited   0x20000486      0x1  DY_DT.o [1]
    .data            inited   0x20000487      0x1  DY_DT.o [1]
    .data            inited   0x20000488      0x1  DY_DT.o [1]
    .data            inited   0x20000489      0x1  DY_FlightCtrl.o [1]
    .data            inited   0x2000048a      0x1  DY_FlightCtrl.o [1]
    .data            inited   0x2000048b      0x1  DY_LocCtrl.o [1]
                            - 0x2000048c    0x48c

"P3", part 2 of 3:                         0x23c8
  .bss               zero     0x2000048c   0x1000  DY_Parameter.o [1]
  .bss               zero     0x2000148c    0x190  DY_DT.o [1]
  .bss               zero     0x2000161c    0x160  vl53l0x_platform.o [1]
  .bss               zero     0x2000177c    0x100  Drv_usart.o [1]
  .bss               zero     0x2000187c    0x100  Drv_usart.o [1]
  .bss               zero     0x2000197c    0x100  Drv_usart.o [1]
  .bss               zero     0x20001a7c    0x100  Drv_usart.o [1]
  .bss               zero     0x20001b7c    0x100  DY_DT.o [1]
  .bss               zero     0x20001c7c    0x100  DY_Tracking.o [1]
  .bss               zero     0x20001d7c     0x80  DY_FlyControl.o [3]
  .bss               zero     0x20001dfc     0x78  DY_AttCtrl.o [1]
  .bss               zero     0x20001e74     0x78  DY_AttCtrl.o [1]
  .bss               zero     0x20001eec     0x64  vl53l0x_platform.o [1]
  .bss               zero     0x20001f50     0x50  Drv_icm20602.o [1]
  .bss               zero     0x20001fa0     0x50  DY_LocCtrl.o [1]
  .bss               zero     0x20001ff0     0x50  DY_LocCtrl.o [1]
  .bss               zero     0x20002040     0x48  DY_AttCtrl.o [1]
  .bss               zero     0x20002088     0x48  DY_AttCtrl.o [1]
  .bss               zero     0x200020d0     0x40  DY_FcData.o [1]
  .bss               zero     0x20002110     0x3c  Drv_icm20602.o [1]
  .bss               zero     0x2000214c     0x38  OpticalFlow.o [1]
  .bss               zero     0x20002184     0x34  DY_DT.o [1]
  .bss               zero     0x200021b8     0x30  DY_LocCtrl.o [1]
  .bss               zero     0x200021e8     0x30  DY_LocCtrl.o [1]
  .bss               zero     0x20002218     0x2c  Drv_spl06.o [1]
  .bss               zero     0x20002244     0x2c  DY_FlightCtrl.o [1]
  .bss               zero     0x20002270     0x28  DY_AltCtrl.o [1]
  .bss               zero     0x20002298     0x28  DY_AltCtrl.o [1]
  .bss               zero     0x200022c0     0x28  operation.o [1]
  .bss               zero     0x200022e8     0x24  DY_AttCtrl.o [1]
  .bss               zero     0x2000230c     0x24  DY_Imu.o [1]
  .bss               zero     0x20002330     0x24  DY_LocCtrl.o [1]
  .bss               zero     0x20002354     0x24  DY_LocCtrl.o [1]
  .bss               zero     0x20002378     0x20  Drv_pwm_in.o [1]
  .bss               zero     0x20002398     0x1c  Drv_icm20602.o [1]
  .bss               zero     0x200023b4     0x1c  DY_AttCtrl.o [1]
  .bss               zero     0x200023d0     0x1c  DY_FcData.o [1]
  .bss               zero     0x200023ec     0x1c  DY_MotionCal.o [1]
  .bss               zero     0x20002408     0x18  Drv_icm20602.o [1]
  .bss               zero     0x20002420     0x18  Drv_icm20602.o [1]
  .bss               zero     0x20002438     0x18  Drv_icm20602.o [1]
  .bss               zero     0x20002450     0x18  DY_AltCtrl.o [1]
  .bss               zero     0x20002468     0x18  DY_AltCtrl.o [1]
  .bss               zero     0x20002480     0x18  DY_AttCtrl.o [1]
  .bss               zero     0x20002498     0x18  DY_MotionCal.o [1]
  .bss               zero     0x200024b0     0x18  DY_MotionCal.o [1]
  .bss               zero     0x200024c8     0x18  DY_Scheduler.o [1]
  .bss               zero     0x200024e0     0x18  operation.o [1]
  .bss               zero     0x200024f8     0x14  Drv_usart.o [1]
  .bss               zero     0x2000250c     0x14  DY_DT.o [1]
  .bss               zero     0x20002520     0x14  DY_RC.o [1]
  .bss               zero     0x20002534     0x10  Drv_icm20602.o [1]
  .bss               zero     0x20002544     0x10  Drv_pwm_in.o [1]
  .bss               zero     0x20002554     0x10  DY_AttCtrl.o [1]
  .bss               zero     0x20002564     0x10  DY_MotorCtrl.o [1]
  .bss               zero     0x20002574     0x10  DY_RC.o [1]
  .bss               zero     0x20002584     0x10  operation.o [1]
  .bss               zero     0x20002594      0xc  Drv_icm20602.o [1]
  .bss               zero     0x200025a0      0xc  Drv_icm20602.o [1]
  .bss               zero     0x200025ac      0xc  Drv_icm20602.o [1]
  .bss               zero     0x200025b8      0xc  Drv_w25qxx.o [1]
  .bss               zero     0x200025c4      0xc  DY_FcData.o [1]
  .bss               zero     0x200025d0      0xc  DY_Flight_Log.o [1]
  .bss               zero     0x200025dc      0xc  DY_Imu.o [1]
  .bss               zero     0x200025e8      0xc  DY_Imu.o [1]
  .bss               zero     0x200025f4      0xc  DY_Imu.o [1]
  .bss               zero     0x20002600      0xc  DY_Scheduler.o [1]
  .bss               zero     0x2000260c      0xc  OpticalFlow.o [1]
  .bss               zero     0x20002618      0xc  OpticalFlow.o [1]
  .bss               zero     0x20002624      0x8  Drv_ak8975.o [1]
  .bss               zero     0x2000262c      0x8  Drv_icm20602.o [1]
  .bss               zero     0x20002634      0x8  Drv_icm20602.o [1]
  .bss               zero     0x2000263c      0x8  Drv_led.o [1]
  .bss               zero     0x20002644      0x8  Drv_led.o [1]
  .bss               zero     0x2000264c      0x8  Drv_led.o [1]
  .bss               zero     0x20002654      0x8  DY_FcData.o [1]
  .bss               zero     0x2000265c      0x8  DY_FlightDataCal.o [1]
  .bss               zero     0x20002664      0x8  DY_LocCtrl.o [1]
  .bss               zero     0x2000266c      0x8  DY_MagProcess.o [1]
  .bss               zero     0x20002674      0x8  DY_MagProcess.o [1]
  .bss               zero     0x2000267c      0x8  DY_MagProcess.o [1]
  .bss               zero     0x20002684      0x8  DY_MagProcess.o [1]
  .bss               zero     0x2000268c      0x8  DY_MotorCtrl.o [1]
  .bss               zero     0x20002694      0x8  DY_MotorCtrl.o [1]
  .bss               zero     0x2000269c      0x4  BSP_Init.o [1]
  .bss               zero     0x200026a0      0x4  Drv_adc.o [1]
  .bss               zero     0x200026a4      0x4  Drv_led.o [1]
  .bss               zero     0x200026a8      0x4  Drv_pwm_in.o [1]
  .bss               zero     0x200026ac      0x4  Drv_pwm_in.o [1]
  .bss               zero     0x200026b0      0x4  Drv_pwm_in.o [1]
  .bss               zero     0x200026b4      0x4  Drv_pwm_in.o [1]
  .bss               zero     0x200026b8      0x4  Drv_pwm_in.o [1]
  .bss               zero     0x200026bc      0x4  Drv_pwm_in.o [1]
  .bss               zero     0x200026c0      0x4  Drv_pwm_in.o [1]
  .bss               zero     0x200026c4      0x4  Drv_pwm_in.o [1]
  .bss               zero     0x200026c8      0x4  Drv_pwm_in.o [1]
  .bss               zero     0x200026cc      0x4  Drv_pwm_in.o [1]
  .bss               zero     0x200026d0      0x4  Drv_pwm_in.o [1]
  .bss               zero     0x200026d4      0x4  Drv_pwm_in.o [1]
  .bss               zero     0x200026d8      0x4  Drv_spl06.o [1]
  .bss               zero     0x200026dc      0x4  Drv_spl06.o [1]
  .bss               zero     0x200026e0      0x4  Drv_spl06.o [1]
  .bss               zero     0x200026e4      0x4  Drv_spl06.o [1]
  .bss               zero     0x200026e8      0x4  Drv_spl06.o [1]
  .bss               zero     0x200026ec      0x4  Drv_spl06.o [1]
  .bss               zero     0x200026f0      0x4  Drv_spl06.o [1]
  .bss               zero     0x200026f4      0x4  Drv_time.o [1]
  .bss               zero     0x200026f8      0x4  Drv_time.o [1]
  .bss               zero     0x200026fc      0x4  DY_AltCtrl.o [1]
  .bss               zero     0x20002700      0x4  DY_AttCtrl.o [1]
  .bss               zero     0x20002704      0x4  DY_AttCtrl.o [1]
  .bss               zero     0x20002708      0x4  DY_AttCtrl.o [1]
  .bss               zero     0x2000270c      0x4  DY_AttCtrl.o [1]
  .bss               zero     0x20002710      0x4  DY_AttCtrl.o [1]
  .bss               zero     0x20002714      0x4  DY_Filter.o [1]
  .bss               zero     0x20002718      0x4  DY_Filter.o [1]
  .bss               zero     0x2000271c      0x4  DY_FlightCtrl.o [1]
  .bss               zero     0x20002720      0x4  DY_FlightCtrl.o [1]
  .bss               zero     0x20002724      0x4  DY_FlightDataCal.o [1]
  .bss               zero     0x20002728      0x4  DY_FlightDataCal.o [1]
  .bss               zero     0x2000272c      0x4  DY_FlightDataCal.o [1]
  .bss               zero     0x20002730      0x4  DY_FlightDataCal.o [1]
  .bss               zero     0x20002734      0x4  DY_FlightDataCal.o [1]
  .bss               zero     0x20002738      0x4  DY_FlightDataCal.o [1]
  .bss               zero     0x2000273c      0x4  DY_FlightDataCal.o [1]
  .bss               zero     0x20002740      0x4  DY_FlightDataCal.o [1]
  .bss               zero     0x20002744      0x4  DY_FlightDataCal.o [1]
  .bss               zero     0x20002748      0x4  DY_FlightDataCal.o [1]
  .bss               zero     0x2000274c      0x4  DY_FlightDataCal.o [1]
  .bss               zero     0x20002750      0x4  DY_Imu.o [1]
  .bss               zero     0x20002754      0x4  DY_Imu.o [1]
  .bss               zero     0x20002758      0x4  DY_Imu.o [1]
  .bss               zero     0x2000275c      0x4  DY_Imu.o [1]
  .bss               zero     0x20002760      0x4  DY_Imu.o [1]
  .bss               zero     0x20002764      0x4  DY_Imu.o [1]
  .bss               zero     0x20002768      0x4  DY_Imu.o [1]
  .bss               zero     0x2000276c      0x4  DY_Imu.o [1]
  .bss               zero     0x20002770      0x4  DY_Imu.o [1]
  .bss               zero     0x20002774      0x4  DY_Imu.o [1]
  .bss               zero     0x20002778      0x4  DY_Imu.o [1]
  .bss               zero     0x2000277c      0x4  DY_Imu.o [1]
  .bss               zero     0x20002780      0x4  DY_Imu.o [1]
  .bss               zero     0x20002784      0x4  DY_Imu.o [1]
  .bss               zero     0x20002788      0x4  DY_Imu.o [1]
  .bss               zero     0x2000278c      0x4  DY_MotionCal.o [1]
  .bss               zero     0x20002790      0x4  DY_MotionCal.o [1]
  .bss               zero     0x20002794      0x4  DY_MotionCal.o [1]
  .bss               zero     0x20002798      0x4  DY_MotionCal.o [1]
  .bss               zero     0x2000279c      0x4  DY_MotionCal.o [1]
  .bss               zero     0x200027a0      0x4  DY_MotionCal.o [1]
  .bss               zero     0x200027a4      0x4  DY_MotionCal.o [1]
  .bss               zero     0x200027a8      0x4  DY_Parameter.o [1]
  .bss               zero     0x200027ac      0x4  DY_power.o [1]
  .bss               zero     0x200027b0      0x4  DY_RC.o [1]
  .bss               zero     0x200027b4      0x4  DY_Tracking.o [1]
  .bss               zero     0x200027b8      0x4  DY_Tracking.o [1]
  .bss               zero     0x200027bc      0x4  operation.o [1]
  .bss               zero     0x200027c0      0x4  OpticalFlow.o [1]
  .bss               zero     0x200027c4      0x4  OpticalFlow.o [1]
  .bss               zero     0x200027c8      0x4  DY_FlyControl.o [3]
  .bss               zero     0x200027cc      0x4  DY_FlyControl.o [3]
  .bss               zero     0x200027d0      0x2  Drv_icm20602.o [1]
  .bss               zero     0x200027d2      0x2  Drv_icm20602.o [1]
  .bss               zero     0x200027d4      0x2  Drv_icm20602.o [1]
  .bss               zero     0x200027d6      0x2  Drv_led.o [1]
  .bss               zero     0x200027d8      0x2  Drv_led.o [1]
  .bss               zero     0x200027da      0x2  Drv_vl53l0x.o [1]
  .bss               zero     0x200027dc      0x2  Drv_vl53l0x.o [1]
  .bss               zero     0x200027de      0x2  DY_AltCtrl.o [1]
  .bss               zero     0x200027e0      0x2  DY_AltCtrl.o [1]
  .bss               zero     0x200027e2      0x2  DY_AltCtrl.o [1]
  .bss               zero     0x200027e4      0x2  DY_FlightCtrl.o [1]
  .bss               zero     0x200027e6      0x2  DY_FlightCtrl.o [1]
  .bss               zero     0x200027e8      0x2  DY_FlightCtrl.o [1]
  .bss               zero     0x200027ea      0x2  DY_FlightCtrl.o [1]
  .bss               zero     0x200027ec      0x2  DY_FlightCtrl.o [1]
  .bss               zero     0x200027ee      0x2  DY_FlightCtrl.o [1]
  .bss               zero     0x200027f0      0x2  DY_FlightCtrl.o [1]
  .bss               zero     0x200027f2      0x2  DY_FlightDataCal.o [1]
  .bss               zero     0x200027f4      0x2  DY_Imu.o [1]
  .bss               zero     0x200027f6      0x2  DY_MagProcess.o [1]
  .bss               zero     0x200027f8      0x2  DY_MotorCtrl.o [1]
  .bss               zero     0x200027fa      0x2  DY_OF.o [1]
  .bss               zero     0x200027fc      0x2  DY_OF.o [1]
  .bss               zero     0x200027fe      0x2  DY_OF.o [1]
  .bss               zero     0x20002800      0x2  DY_OF.o [1]
  .bss               zero     0x20002802      0x2  DY_OF.o [1]
  .bss               zero     0x20002804      0x2  DY_OF.o [1]
  .bss               zero     0x20002806      0x2  DY_power.o [1]
  .bss               zero     0x20002808      0x2  DY_RC.o [1]
  .bss               zero     0x2000280a      0x2  DY_RC.o [1]
  .bss               zero     0x2000280c      0x2  DY_RC.o [1]
  .bss               zero     0x2000280e      0x2  DY_RC.o [1]
  .bss               zero     0x20002810      0x2  DY_RC.o [1]
  .bss               zero     0x20002812      0x2  DY_RC.o [1]
  .bss               zero     0x20002814      0x2  DY_Tracking.o [1]
  .bss               zero     0x20002816      0x2  DY_Tracking.o [1]
  .bss               zero     0x20002818      0x2  DY_Tracking.o [1]
  .bss               zero     0x2000281a      0x2  DY_Tracking.o [1]
  .bss               zero     0x2000281c      0x2  OpticalFlow.o [1]
  .bss               zero     0x2000281e      0x2  OpticalFlow.o [1]
  .bss               zero     0x20002820      0x2  OpticalFlow.o [1]
  .bss               zero     0x20002822      0x2  OpticalFlow.o [1]
  .bss               zero     0x20002824      0x1  Drv_icm20602.o [1]
  .bss               zero     0x20002825      0x1  Drv_led.o [1]
  .bss               zero     0x20002826      0x1  Drv_led.o [1]
  .bss               zero     0x20002827      0x1  Drv_usart.o [1]
  .bss               zero     0x20002828      0x1  Drv_usart.o [1]
  .bss               zero     0x20002829      0x1  Drv_usart.o [1]
  .bss               zero     0x2000282a      0x1  Drv_usart.o [1]
  .bss               zero     0x2000282b      0x1  Drv_usart.o [1]
  .bss               zero     0x2000282c      0x1  Drv_usart.o [1]
  .bss               zero     0x2000282d      0x1  Drv_usart.o [1]
  .bss               zero     0x2000282e      0x1  Drv_usart.o [1]
  .bss               zero     0x2000282f      0x1  Drv_usart.o [1]
  .bss               zero     0x20002830      0x1  Drv_vl53l0x.o [1]
  .bss               zero     0x20002831      0x1  DY_DT.o [1]
  .bss               zero     0x20002832      0x1  DY_DT.o [1]
  .bss               zero     0x20002833      0x1  DY_DT.o [1]
  .bss               zero     0x20002834      0x1  DY_DT.o [1]
  .bss               zero     0x20002835      0x1  DY_DT.o [1]
  .bss               zero     0x20002836      0x1  DY_Filter.o [1]
  .bss               zero     0x20002837      0x1  DY_FlightCtrl.o [1]
  .bss               zero     0x20002838      0x1  DY_FlightCtrl.o [1]
  .bss               zero     0x20002839      0x1  DY_FlightCtrl.o [1]
  .bss               zero     0x2000283a      0x1  DY_FlightCtrl.o [1]
  .bss               zero     0x2000283b      0x1  DY_FlightCtrl.o [1]
  .bss               zero     0x2000283c      0x1  DY_FlightCtrl.o [1]
  .bss               zero     0x2000283d      0x1  DY_FlightDataCal.o [1]
  .bss               zero     0x2000283e      0x1  DY_FlightDataCal.o [1]
  .bss               zero     0x2000283f      0x1  DY_FlightDataCal.o [1]
  .bss               zero     0x20002840      0x1  DY_FlightDataCal.o [1]
  .bss               zero     0x20002841      0x1  DY_FlightDataCal.o [1]
  .bss               zero     0x20002842      0x1  DY_MagProcess.o [1]
  .bss               zero     0x20002843      0x1  DY_MotionCal.o [1]
  .bss               zero     0x20002844      0x1  DY_OF.o [1]
  .bss               zero     0x20002845      0x1  DY_power.o [1]
  .bss               zero     0x20002846      0x1  DY_RC.o [1]
  .bss               zero     0x20002847      0x1  DY_RC.o [1]
  .bss               zero     0x20002848      0x1  DY_RC.o [1]
  .bss               zero     0x20002849      0x1  DY_RC.o [1]
  .bss               zero     0x2000284a      0x1  DY_RC.o [1]
  .bss               zero     0x2000284b      0x1  DY_RC.o [1]
  .bss               zero     0x2000284c      0x1  DY_RC.o [1]
  .bss               zero     0x2000284d      0x1  DY_RC.o [1]
  .bss               zero     0x2000284e      0x1  DY_Tracking.o [1]
  .bss               zero     0x2000284f      0x1  DY_Tracking.o [1]
  .bss               zero     0x20002850      0x1  DY_Tracking.o [1]
  .bss               zero     0x20002851      0x1  DY_Tracking.o [1]
  .bss               zero     0x20002852      0x1  operation.o [1]
  .bss               zero     0x20002853      0x1  vl53l0x_platform.o [1]
                            - 0x20002854   0x23c8

"P3", part 3 of 3:                          0x400
  .noinit            uninit   0x20002854    0x400  startup_msp432e401y_ewarm.o [1]
                            - 0x20002c54    0x400


*******************************************************************************
*** INIT TABLE
***

          Address     Size
          -------     ----
Zero (__iar_zero_init3)
    1 destination range, total size 0x23c8:
          0x2000048c  0x23c8

Copy/packbits (__iar_packbits_init3)
    1 source range, total size 0x376 (76% of destination):
          0x00018814   0x376
    1 destination range, total size 0x48c:
          0x20000000   0x48c



*******************************************************************************
*** MODULE SUMMARY
***

    Module                       ro code  ro data  rw data
    ------                       -------  -------  -------
D:\IAR\savelocation\DeYan_UAV\Debug\Obj: [1]
    BSP_Init.o                       400       16        4
    DY_AltCtrl.o                   1 208               138
    DY_AttCtrl.o                   2 956               508
    DY_DT.o                        8 156        7      742
    DY_FcData.o                       44               112
    DY_Filter.o                      528                 9
    DY_FlightCtrl.o                2 416       10       74
    DY_FlightDataCal.o               844                59
    DY_Flight_Log.o                  276                12
    DY_Imu.o                       3 020      195      390
    DY_LocCtrl.o                     780        1      337
    DY_MagProcess.o                1 368                35
    DY_Math.o                        632    1 028
    DY_MotionCal.o                   660               105
    DY_MotorCtrl.o                   396                34
    DY_OF.o                          160        3       17
    DY_Parameter.o                 1 008       60    4 100
    DY_Pid.o                         264
    DY_RC.o                        1 716        1       62
    DY_Scheduler.o                   516       64      120
    DY_Tracking.o                    612               276
    DY_power.o                       428        3       11
    Drv_adc.o                        216                 4
    Drv_ak8975.o                     256                 8
    Drv_icm20602.o                 3 244       41      327
    Drv_led.o                      3 024       14       52
    Drv_pwm_in.o                   2 584                96
    Drv_pwm_out.o                    548
    Drv_soft_i2c.o                   968
    Drv_spi.o                        504
    Drv_spl06.o                    1 756                72
    Drv_time.o                       200                 8
    Drv_usart.o                    1 640       40    1 105
    Drv_vl53l0x.o                    120                 5
    Drv_w25qxx.o                   1 080                12
    OpticalFlow.o                  2 032        3      100
    main.o                            28
    operation.o                      640        9       97
    startup_msp432e401y_ewarm.o       14      520    1 024
    system_msp432e401y.o              36        3        4
    vl53l0x_api.o                  4 412      520      684
    vl53l0x_api_calibration.o      2 416       12       16
    vl53l0x_api_core.o             6 000
    vl53l0x_api_strings.o            288       68
    vl53l0x_i2c.o                    282
    vl53l0x_platform.o               740               453
    ------------------------------------------------------
    Total:                        61 416    2 618   11 212

command line: [2]
    ------------------------------------------------------
    Total:

DeYan_UAV.a: [3]
    DY_FlyControl.o                  272               136
    ------------------------------------------------------
    Total:                           272               136

dl7M_tln.a: [4]
    abort.o                            6
    abs.o                              8
    exit.o                             4
    low_level_init.o                   4
    ------------------------------------------------------
    Total:                            22

m7M_tls.a: [5]
    DblAdd.o                         376
    DblMul.o                         418
    DblSub.o                         210
    DblToFlt.o                       104
    DblToU32.o                        40
    FltToDbl.o                        72
    S32ToDbl.o                        34
    fpinit_M.o                        34
    tan32.o                          444
    ------------------------------------------------------
    Total:                         1 732

msp432e4_driverlib.a: [6]
    adc_MSP432E411Y.obj              178
    gpio_MSP432E411Y.obj             376
    sysctl_MSP432E411Y.obj         1 224
    systick_MSP432E411Y.obj           12
    ------------------------------------------------------
    Total:                         1 790

rt7M_tl.a: [7]
    ABImemclr4.o                       6
    ABImemcpy_unaligned.o            118
    ABImemset48.o                     50
    cexit.o                           10
    cmain.o                           30
    cstartup_M.o                      12
    data_init.o                       40
    packbits_init.o                  156
    strcpy_unaligned.o                68
    zero_init3.o                      64
    ------------------------------------------------------
    Total:                           554

shb_l.a: [8]
    exit.o                            20
    ------------------------------------------------------
    Total:                            20

    Gaps                              16        6
    Linker created                             44
----------------------------------------------------------
    Grand Total:                  65 822    2 668   11 348


*******************************************************************************
*** ENTRY LIST
***

Entry                      Address    Size  Type      Object
-----                      -------    ----  ----      ------
.iar.init_table$$Base   0x000186c4           --   Gb  - Linker created -
.iar.init_table$$Limit  0x000186f0           --   Gb  - Linker created -
?main                   0x000186f1          Code  Gb  cmain.o [7]
ADC0SS3_IRQHandler      0x0001846d    0x1a  Code  Gb  Drv_adc.o [1]
ADC0_Init               0x000183d5    0x98  Code  Gb  Drv_adc.o [1]
ADCClockConfigSet       0x00018541    0x1e  Code  Gb  adc_MSP432E411Y.obj [6]
ADCIntClearEx           0x0001853b     0x6  Code  Gb  adc_MSP432E411Y.obj [6]
ADCSequenceStepConfigure
                        0x000184ad    0x8e  Code  Gb  adc_MSP432E411Y.obj [6]
All_Init                0x0001824f   0x154  Code  Gb  BSP_Init.o [1]
All_PID_Init            0x0000a5d5    0x1c  Code  Gb  DY_FlightCtrl.o [1]
Alt_1level_Ctrl         0x0000cfad   0x180  Code  Gb  DY_AltCtrl.o [1]
Alt_1level_PID_Init     0x0000cf67    0x3e  Code  Gb  DY_AltCtrl.o [1]
Alt_2level_Ctrl         0x0000ce99    0xce  Code  Gb  DY_AltCtrl.o [1]
Alt_2level_PID_Init     0x0000ce5b    0x3e  Code  Gb  DY_AltCtrl.o [1]
Att_1level_Ctrl         0x0000ca41   0x226  Code  Gb  DY_AttCtrl.o [1]
Att_1level_PID_Init     0x0000c26f   0x11a  Code  Gb  DY_AttCtrl.o [1]
Att_2level_Ctrl         0x0000c435   0x5e6  Code  Gb  DY_AttCtrl.o [1]
Att_2level_PID_Init     0x0000c165   0x10a  Code  Gb  DY_AttCtrl.o [1]
Auto_Take_Off_Land_Task
                        0x0000ccf1   0x16a  Code  Gb  DY_AltCtrl.o [1]
Auto_Take_Off_Land_Task::take_off_ok_cnt
                        0x200027e2     0x2  Data  Lc  DY_AltCtrl.o [1]
BootLoader_Setup        0x00018245     0xa  Code  Gb  BSP_Init.o [1]
BrdNum                  0x200027c8     0x4  Data  Gb  DY_FlyControl.o [3]
CH_N                    0x20002574    0x10  Data  Gb  DY_RC.o [1]
Center_Pos_Set          0x0000b6dd    0x3e  Code  Gb  Drv_icm20602.o [1]
Checksum_Function       0x0000c0a5    0x14  Code  Gb  DY_FlyControl.o [3]
DT_RxBuffer             0x20001b7c   0x100  Data  Lc  DY_DT.o [1]
DT_data_cnt             0x20002832     0x1  Data  Lc  DY_DT.o [1]
DY_CountTime_Flag       0x2000283b     0x1  Data  Gb  DY_FlightCtrl.o [1]
DY_DT_Data_Exchange     0x0000820d   0x48e  Code  Gb  DY_DT.o [1]
DY_DT_Data_Exchange::cnt
                        0x20002831     0x1  Data  Lc  DY_DT.o [1]
DY_DT_Data_Exchange::location_cnt
                        0x20000488     0x1  Data  Lc  DY_DT.o [1]
DY_DT_Data_Exchange::motopwm_cnt
                        0x20000485     0x1  Data  Lc  DY_DT.o [1]
DY_DT_Data_Exchange::power_cnt
                        0x20000486     0x1  Data  Lc  DY_DT.o [1]
DY_DT_Data_Exchange::rcdata_cnt
                        0x20000484     0x1  Data  Lc  DY_DT.o [1]
DY_DT_Data_Exchange::senser2_cnt
                        0x20000481     0x1  Data  Lc  DY_DT.o [1]
DY_DT_Data_Exchange::senser_cnt
                        0x20000480     0x1  Data  Lc  DY_DT.o [1]
DY_DT_Data_Exchange::speed_cnt
                        0x20000487     0x1  Data  Lc  DY_DT.o [1]
DY_DT_Data_Exchange::status_cnt
                        0x20000483     0x1  Data  Lc  DY_DT.o [1]
DY_DT_Data_Exchange::user_cnt
                        0x20000482     0x1  Data  Lc  DY_DT.o [1]
DY_DT_Data_Receive_Anl  0x000087ed   0x134  Code  Gb  DY_DT.o [1]
DY_DT_Data_Receive_Anl_Task
                        0x0000869b    0x28  Code  Gb  DY_DT.o [1]
DY_DT_Data_Receive_Prepare
                        0x000086c3   0x126  Code  Gb  DY_DT.o [1]
DY_DT_Data_Receive_Prepare::_data_len
                        0x20002834     0x1  Data  Lc  DY_DT.o [1]
DY_DT_Data_Receive_Prepare::state
                        0x20002835     0x1  Data  Lc  DY_DT.o [1]
DY_DT_GetParame         0x00008ae3    0x28  Code  Gb  DY_DT.o [1]
DY_DT_ParListToParUsed  0x00008b19   0x45e  Code  Gb  DY_DT.o [1]
DY_DT_ParUsedToParList  0x00008fc5   0x462  Code  Gb  DY_DT.o [1]
DY_DT_SendCmd           0x00008925    0xb6  Code  Gb  DY_DT.o [1]
DY_DT_SendParame        0x000089db   0x108  Code  Gb  DY_DT.o [1]
DY_DT_SendStr           0x0000c0ed    0x44  Code  Gb  DY_FlyControl.o [3]
DY_DT_SendString        0x0000a0a3    0x9c  Code  Gb  DY_DT.o [1]
DY_DT_Send_Data         0x00008209     0x2  Code  Gb  DY_DT.o [1]
DY_DT_Send_Location     0x000096b5   0x132  Code  Gb  DY_DT.o [1]
DY_DT_Send_MotoPWM      0x00009f4b   0x158  Code  Gb  DY_DT.o [1]
DY_DT_Send_Power        0x00009e91    0xba  Code  Gb  DY_DT.o [1]
DY_DT_Send_RCData       0x00009cc7   0x1ca  Code  Gb  DY_DT.o [1]
DY_DT_Send_Senser       0x00009981   0x23c  Code  Gb  DY_DT.o [1]
DY_DT_Send_Senser2      0x00009bbd   0x10a  Code  Gb  DY_DT.o [1]
DY_DT_Send_Speed        0x000095ad   0x108  Code  Gb  DY_DT.o [1]
DY_DT_Send_Status       0x000097f5   0x182  Code  Gb  DY_DT.o [1]
DY_DT_Send_User         0x0000a13f    0x9c  Code  Gb  DY_DT.o [1]
DY_DT_Send_VER          0x00009441    0x7a  Code  Gb  DY_DT.o [1]
DY_DT_Send_Version      0x000094bb    0xf2  Code  Gb  DY_DT.o [1]
DY_Debug_Height_Mode    0x20002839     0x1  Data  Gb  DY_FlightCtrl.o [1]
DY_Debug_Mode           0x20002838     0x1  Data  Gb  DY_FlightCtrl.o [1]
DY_Debug_Yaw_Mode       0x2000283a     0x1  Data  Gb  DY_FlightCtrl.o [1]
DY_Direction            0x2000284e     0x1  Data  Gb  DY_Tracking.o [1]
DY_Flight_Control       0x00017e61   0x114  Code  Gb  DY_Flight_Log.o [1]
DY_Land_Flag            0x2000283c     0x1  Data  Gb  DY_FlightCtrl.o [1]
DY_OF_Check             0x00017f7f    0x8a  Code  Gb  DY_OF.o [1]
DY_OF_DataAnl_Task      0x00017f75     0xa  Code  Gb  DY_OF.o [1]
DY_PMW_OF_DX2           0x2000281c     0x2  Data  Gb  OpticalFlow.o [1]
DY_PMW_OF_DX2FIX        0x20002820     0x2  Data  Gb  OpticalFlow.o [1]
DY_PMW_OF_DY2           0x2000281e     0x2  Data  Gb  OpticalFlow.o [1]
DY_PMW_OF_DY2FIX        0x20002822     0x2  Data  Gb  OpticalFlow.o [1]
DY_Parame               0x2000048c  0x1000  Data  Gb  DY_Parameter.o [1]
DY_Parame_Read          0x0000a4d1    0x30  Code  Gb  DY_Parameter.o [1]
DY_Parame_Write         0x0000a4ad    0x24  Code  Lc  DY_Parameter.o [1]
DY_Parame_Write_task    0x0000a501    0x80  Code  Gb  DY_Parameter.o [1]
DY_Rc_Pwm_In            0x20002378    0x20  Data  Gb  Drv_pwm_in.o [1]
DY_Speed_F              0x200027b4     0x4  Data  Gb  DY_Tracking.o [1]
DY_Speed_S              0x20002814     0x2  Data  Gb  DY_Tracking.o [1]
DY_Task_ExeTime         0x20002720     0x4  Data  Gb  DY_FlightCtrl.o [1]
DY_Tracking_DataAnl     0x0000ea67   0x16e  Code  Gb  DY_Tracking.o [1]
DY_Tracking_Data_Receive_Prepare
                        0x0000e9a9    0xbe  Code  Gb  DY_Tracking.o [1]
DY_Tracking_Data_Receive_Prepare::_data_len
                        0x20002850     0x1  Data  Lc  DY_Tracking.o [1]
DY_Tracking_Data_Receive_Prepare::state
                        0x20002851     0x1  Data  Lc  DY_Tracking.o [1]
DefaultTuningSettings   0x200001b8    0xf4  Data  Gb  vl53l0x_api.o [1]
Default_Handler         0x000187ad     0x2  Code  Lc  startup_msp432e401y_ewarm.o [1]
Delay_ms                0x00017c85    0x18  Code  Gb  Drv_time.o [1]
Delay_us                0x00017c6f    0x16  Code  Gb  Drv_time.o [1]
Drv_AK8975CSPin_Init    0x000176bd    0x2e  Code  Gb  Drv_ak8975.o [1]
Drv_AK8975_Read         0x00017727    0x38  Code  Gb  Drv_ak8975.o [1]
Drv_Icm20602CSPin_Init  0x0000af71    0x3c  Code  Gb  Drv_icm20602.o [1]
Drv_Icm20602Reg_Init    0x0000b029   0x168  Code  Gb  Drv_icm20602.o [1]
Drv_Icm20602_Read       0x0000b191    0x10  Code  Gb  Drv_icm20602.o [1]
Drv_LED_Init            0x00012e91    0x76  Code  Gb  Drv_led.o [1]
Drv_SPI2_RW             0x0000df19    0x34  Code  Gb  Drv_spi.o [1]
Drv_SPI2_Receive        0x0000df89    0x28  Code  Gb  Drv_spi.o [1]
Drv_SPI2_init           0x0000de79    0xa0  Code  Gb  Drv_spi.o [1]
Drv_SPI_Init            0x0000ddb9    0x90  Code  Gb  Drv_spi.o [1]
Drv_SPI_RW              0x0000de49    0x30  Code  Gb  Drv_spi.o [1]
Drv_SPL06CSPin_Init     0x000160a5    0x3c  Code  Gb  Drv_spl06.o [1]
Drv_Spl0601_Init        0x00016511    0x54  Code  Gb  Drv_spl06.o [1]
Drv_Spl0601_Read        0x00016695    0x9e  Code  Gb  Drv_spl06.o [1]
Drv_Vl53_Init           0x00018015    0x22  Code  Gb  Drv_vl53l0x.o [1]
Drv_Vl53_RunTask        0x00018037    0x44  Code  Gb  Drv_vl53l0x.o [1]
EEPROM_Init             0x0000c055    0x38  Code  Gb  DY_FlyControl.o [3]
Encryption_Algorithm    0x0000c08d    0x18  Code  Gb  DY_FlyControl.o [3]
Fc_Sensor_Get           0x00017371    0x48  Code  Gb  DY_FlightDataCal.o [1]
Fc_Sensor_Get::cnt      0x2000283d     0x1  Data  Lc  DY_FlightDataCal.o [1]
Flash_Init              0x0000bc5d   0x19c  Code  Gb  Drv_w25qxx.o [1]
Flash_PageRead          0x0000bebd    0x54  Code  Gb  Drv_w25qxx.o [1]
Flash_PageWrite         0x0000be63    0x5a  Code  Gb  Drv_w25qxx.o [1]
Flash_ReadID            0x0000bf11    0x40  Code  Lc  Drv_w25qxx.o [1]
Flash_SectorErase       0x0000be17    0x4c  Code  Gb  Drv_w25qxx.o [1]
Flash_SectorsRead       0x0000bf7d    0x36  Code  Gb  Drv_w25qxx.o [1]
Flash_SectorsRead2      0x0000c0b9    0x34  Code  Gb  DY_FlyControl.o [3]
Flash_SectorsWrite      0x0000bfb3    0x68  Code  Gb  Drv_w25qxx.o [1]
Flash_SendByte          0x0000bc1d    0x40  Code  Lc  Drv_w25qxx.o [1]
Flash_WaitForEnd        0x0000bf51    0x2c  Code  Lc  Drv_w25qxx.o [1]
Flash_WriteEnable       0x0000bdf9    0x1e  Code  Lc  Drv_w25qxx.o [1]
Flight_Mode_Set         0x0000adb3   0x102  Code  Gb  DY_FlightCtrl.o [1]
Flight_State_Task       0x0000a78d   0x422  Code  Gb  DY_FlightCtrl.o [1]
Flight_State_Task::max_speed_lim
                        0x2000271c     0x4  Data  Lc  DY_FlightCtrl.o [1]
GPIODirModeSet          0x0000dc41    0x30  Code  Gb  gpio_MSP432E411Y.obj [6]
GPIOPadConfigSet        0x0000dc71   0x116  Code  Gb  gpio_MSP432E411Y.obj [6]
GPIOPinTypeGPIOOutput   0x0000dd8f    0x2a  Code  Gb  gpio_MSP432E411Y.obj [6]
GPIOPinWrite            0x0000dd87     0x8  Code  Gb  gpio_MSP432E411Y.obj [6]
GetSysTime_us           0x00017c35    0x3a  Code  Gb  Drv_time.o [1]
Height_PID_Change       0x0000d69d    0x42  Code  Lc  operation.o [1]
Height_Set              0x200027bc     0x4  Data  Gb  operation.o [1]
I2C_Soft_Init           0x00012601    0x46  Code  Gb  Drv_soft_i2c.o [1]
I2c_Soft_Ask            0x000126eb    0x52  Code  Gb  Drv_soft_i2c.o [1]
I2c_Soft_NoAsk          0x0001273d    0x52  Code  Gb  Drv_soft_i2c.o [1]
I2c_Soft_ReadByte       0x00012877    0x78  Code  Lc  Drv_soft_i2c.o [1]
I2c_Soft_SendByte       0x000127f9    0x7e  Code  Lc  Drv_soft_i2c.o [1]
I2c_Soft_Start          0x00012647    0x52  Code  Lc  Drv_soft_i2c.o [1]
I2c_Soft_Stop           0x00012699    0x52  Code  Lc  Drv_soft_i2c.o [1]
I2c_Soft_WaitAsk        0x0001278f    0x6a  Code  Lc  Drv_soft_i2c.o [1]
IIC_Read_nByte          0x00012953    0x76  Code  Gb  Drv_soft_i2c.o [1]
IIC_Write_nByte         0x00012901    0x52  Code  Gb  Drv_soft_i2c.o [1]
IMU_Update_Task         0x000173b9    0x7a  Code  Gb  DY_FlightDataCal.o [1]
IMU_update              0x00013acd   0x9dc  Code  Gb  DY_Imu.o [1]
IMU_update::ki_use      0x20002784     0x4  Data  Lc  DY_Imu.o [1]
IMU_update::kp_use      0x20002780     0x4  Data  Lc  DY_Imu.o [1]
IMU_update::mkp_use     0x20002788     0x4  Data  Lc  DY_Imu.o [1]
I_want_OP_work          0x2000048b     0x1  Data  Gb  DY_LocCtrl.o [1]
InitRegisters           0x0001586d   0x25c  Code  Lc  OpticalFlow.o [1]
InterruptThresholdSettings
                        0x20000000   0x1b8  Data  Gb  vl53l0x_api.o [1]
LED_1ms_DRV             0x00012f07   0x146  Code  Gb  Drv_led.o [1]
LED_1ms_DRV::led_cnt    0x2000263c     0x8  Data  Lc  Drv_led.o [1]
LED_Brightness          0x20000434    0x10  Data  Gb  Drv_led.o [1]
LED_Switch              0x0000abc9    0x88  Code  Lc  DY_FlightCtrl.o [1]
LED_Task                0x00013341   0x6e4  Code  Gb  Drv_led.o [1]
LED_Task::k             0x200027d8     0x2  Data  Lc  Drv_led.o [1]
LED_state               0x20002825     0x1  Data  Gb  Drv_led.o [1]
LED_state_old           0x20002826     0x1  Data  Lc  Drv_led.o [1]
Loc_1level_Ctrl         0x0000d21d   0x232  Code  Gb  DY_LocCtrl.o [1]
Loc_1level_PID_Init     0x0000d1a9    0x72  Code  Gb  DY_LocCtrl.o [1]
Loop_1000Hz             0x00017a09    0x70  Code  Lc  DY_Scheduler.o [1]
Loop_100Hz              0x00017a85    0x82  Code  Lc  DY_Scheduler.o [1]
Loop_200Hz              0x00017a81     0x2  Code  Lc  DY_Scheduler.o [1]
Loop_20Hz               0x00017b11    0x12  Code  Lc  DY_Scheduler.o [1]
Loop_2Hz                0x00017b23     0xc  Code  Lc  DY_Scheduler.o [1]
Loop_500Hz              0x00017a79     0x8  Code  Lc  DY_Scheduler.o [1]
Loop_50Hz               0x00017b07     0xa  Code  Lc  DY_Scheduler.o [1]
MPU6050_Data_Offset     0x0000b459   0x27e  Code  Gb  Drv_icm20602.o [1]
MPU6050_Data_Offset::off_cnt
                        0x20002824     0x1  Data  Lc  Drv_icm20602.o [1]
Mag_Cal_Reset           0x00016a15    0x7c  Code  Lc  DY_MagProcess.o [1]
Mag_Cal_XY              0x00016a91    0x88  Code  Lc  DY_MagProcess.o [1]
Mag_Cal_Z               0x00016b19    0x4a  Code  Lc  DY_MagProcess.o [1]
Mag_Data_Deal_Task      0x00016b65   0x3cc  Code  Gb  DY_MagProcess.o [1]
Mag_Data_Deal_Task::cali_cnt
                        0x200027f6     0x2  Data  Lc  DY_MagProcess.o [1]
Mag_Data_Deal_Task::mag_cal_angle
                        0x20002684     0x8  Data  Lc  DY_MagProcess.o [1]
Mag_Get                 0x0001775f    0x4c  Code  Gb  Drv_ak8975.o [1]
Mag_Update_Task         0x00017433    0x28  Code  Gb  DY_FlightDataCal.o [1]
Motor_Ctrl_Task         0x00017cd5   0x18c  Code  Gb  DY_MotorCtrl.o [1]
Note                    0x200003e8    0x20  Data  Gb  Drv_usart.o [1]
OF_ALT                  0x20002802     0x2  Data  Gb  DY_OF.o [1]
OF_DX2                  0x200027fa     0x2  Data  Gb  DY_OF.o [1]
OF_DX2FIX               0x200027fe     0x2  Data  Gb  DY_OF.o [1]
OF_DY2                  0x200027fc     0x2  Data  Gb  DY_OF.o [1]
OF_DY2FIX               0x20002800     0x2  Data  Gb  DY_OF.o [1]
OF_LIGHT                0x20002844     0x1  Data  Gb  DY_OF.o [1]
OV_RxBuffer             0x20001c7c   0x100  Data  Lc  DY_Tracking.o [1]
OV_data_cnt             0x2000284f     0x1  Data  Lc  DY_Tracking.o [1]
OpticalFlow_DataFusion_Task
                        0x00015c21   0x258  Code  Gb  OpticalFlow.o [1]
OpticalFlow_Init        0x00015adb    0xce  Code  Gb  OpticalFlow.o [1]
OpticalFlow_RawData     0x20002618     0xc  Data  Gb  OpticalFlow.o [1]
PID_Rest                0x0000a1e5   0x124  Code  Gb  DY_Parameter.o [1]
PID_calculate           0x0000dfb1   0x108  Code  Gb  DY_Pid.o [1]
PMW3901_Data_Prepare    0x00015bb7    0x68  Code  Gb  OpticalFlow.o [1]
PMW3901_Read            0x00015ba9     0xe  Code  Gb  OpticalFlow.o [1]
PWM_IN_Init             0x0001462d   0x4de  Code  Gb  Drv_pwm_in.o [1]
PWM_Out_Init            0x000177bd   0x13a  Code  Gb  Drv_pwm_out.o [1]
ParValList              0x2000148c   0x190  Data  Gb  DY_DT.o [1]
Para_Data_Init          0x0000af69     0x8  Code  Gb  DY_FcData.o [1]
Parame_Copy_Fc2para     0x0000a39f    0x78  Code  Lc  DY_Parameter.o [1]
Parame_Copy_Para2fc     0x0000a309    0x96  Code  Lc  DY_Parameter.o [1]
Parame_Reset            0x0000a417    0x96  Code  Gb  DY_Parameter.o [1]
Plane_Votage            0x200027ac     0x4  Data  Gb  DY_power.o [1]
Power_UpdateTask        0x0001808d   0x1ac  Code  Gb  DY_power.o [1]
Power_UpdateTask::voltage_s16
                        0x20002806     0x2  Data  Lc  DY_power.o [1]
RC_duty_task            0x00015309    0xf2  Code  Gb  DY_RC.o [1]
Rc_Pwm_In               0x20002544    0x10  Data  Gb  Drv_pwm_in.o [1]
Region$$Table$$Base     0x000186c4           --   Gb  - Linker created -
Region$$Table$$Limit    0x000186f0           --   Gb  - Linker created -
RegisterRead            0x0001576d    0x78  Code  Lc  OpticalFlow.o [1]
RegisterRead_nByte      0x000157e5    0x88  Code  Lc  OpticalFlow.o [1]
RegisterWrite           0x000156f9    0x74  Code  Lc  OpticalFlow.o [1]
ResetOpticalFlowData    0x00015ac9    0x12  Code  Lc  OpticalFlow.o [1]
Scheduler_Run           0x00017b93    0x5c  Code  Gb  DY_Scheduler.o [1]
Scheduler_Setup         0x00017b2f    0x64  Code  Gb  DY_Scheduler.o [1]
Sensor_Data_Prepare     0x0000b721   0x47e  Code  Gb  Drv_icm20602.o [1]
SetPwm                  0x000178f7    0xb6  Code  Gb  Drv_pwm_out.o [1]
Set_Att_1level_Ki       0x0000c389    0x64  Code  Gb  DY_AttCtrl.o [1]
Set_Att_2level_Ki       0x0000c3ed    0x46  Code  Gb  DY_AttCtrl.o [1]
Swtich_State_Task       0x0000ac59   0x15a  Code  Gb  DY_FlightCtrl.o [1]
SysCtlClockFreqSet      0x000129f5   0x262  Code  Gb  sysctl_MSP432E411Y.obj [6]
SysCtlDelay             0x000129ed     0x8  Code  Gb  sysctl_MSP432E411Y.obj [6]
SysCtlPeripheralReady   0x000129c9    0x24  Code  Gb  sysctl_MSP432E411Y.obj [6]
SysTickValueGet         0x00018239     0x6  Code  Gb  systick_MSP432E411Y.obj [6]
SysTick_Configuration   0x00017c0d    0x28  Code  Gb  Drv_time.o [1]
SysTick_GetTick         0x00017ca9     0x6  Code  Gb  Drv_time.o [1]
SysTick_Handler         0x00017caf    0x16  Code  Gb  Drv_time.o [1]
SystemCoreClock         0x20000478     0x4  Data  Gb  system_msp432e401y.o [1]
SystemInit              0x0001867d    0x14  Code  Gb  system_msp432e401y.o [1]
TIMER0A_IRQHandler      0x00014b0b    0xe2  Code  Gb  Drv_pwm_in.o [1]
TIMER0A_IRQHandler::temp_cnt1
                        0x200026a8     0x4  Data  Lc  Drv_pwm_in.o [1]
TIMER0A_IRQHandler::temp_cnt1_2
                        0x200026ac     0x4  Data  Lc  Drv_pwm_in.o [1]
TIMER1A_IRQHandler      0x00014bed    0xe2  Code  Gb  Drv_pwm_in.o [1]
TIMER1A_IRQHandler::temp_cnt2
                        0x200026b0     0x4  Data  Lc  Drv_pwm_in.o [1]
TIMER1A_IRQHandler::temp_cnt2_2
                        0x200026b4     0x4  Data  Lc  Drv_pwm_in.o [1]
TIMER2A_IRQHandler      0x00014e39    0xb0  Code  Gb  Drv_pwm_in.o [1]
TIMER2A_IRQHandler::temp_cnt5
                        0x200026c8     0x4  Data  Lc  Drv_pwm_in.o [1]
TIMER2A_IRQHandler::temp_cnt5_2
                        0x200026cc     0x4  Data  Lc  Drv_pwm_in.o [1]
TIMER3A_IRQHandler      0x00014ccf    0xba  Code  Gb  Drv_pwm_in.o [1]
TIMER3A_IRQHandler::temp_cnt3
                        0x200026b8     0x4  Data  Lc  Drv_pwm_in.o [1]
TIMER3A_IRQHandler::temp_cnt3_2
                        0x200026bc     0x4  Data  Lc  Drv_pwm_in.o [1]
TIMER4A_IRQHandler      0x00014d89    0xb0  Code  Gb  Drv_pwm_in.o [1]
TIMER4A_IRQHandler::temp_cnt4
                        0x200026c0     0x4  Data  Lc  Drv_pwm_in.o [1]
TIMER4A_IRQHandler::temp_cnt4_2
                        0x200026c4     0x4  Data  Lc  Drv_pwm_in.o [1]
TIMER5A_IRQHandler      0x00014ee9    0xb0  Code  Gb  Drv_pwm_in.o [1]
TIMER5A_IRQHandler::temp_cnt6
                        0x200026d0     0x4  Data  Lc  Drv_pwm_in.o [1]
TIMER5A_IRQHandler::temp_cnt6_2
                        0x200026d4     0x4  Data  Lc  Drv_pwm_in.o [1]
Tx2Buffer               0x2000177c   0x100  Data  Gb  Drv_usart.o [1]
Tx2Counter              0x20002828     0x1  Data  Gb  Drv_usart.o [1]
Tx3Buffer               0x2000187c   0x100  Data  Gb  Drv_usart.o [1]
Tx3Counter              0x2000282a     0x1  Data  Gb  Drv_usart.o [1]
Tx4Buffer               0x2000197c   0x100  Data  Gb  Drv_usart.o [1]
Tx4Counter              0x2000282c     0x1  Data  Gb  Drv_usart.o [1]
Tx5Buffer               0x20001a7c   0x100  Data  Gb  Drv_usart.o [1]
Tx5Counter              0x2000282e     0x1  Data  Gb  Drv_usart.o [1]
UART2_IRQHandler        0x0000e131    0x82  Code  Gb  Drv_usart.o [1]
UART3_IRQHandler        0x0000e27b   0x116  Code  Gb  Drv_usart.o [1]
UART4_IRQHandler        0x0000e459    0x76  Code  Gb  Drv_usart.o [1]
UART5_IRQHandler        0x0000e5b1    0x64  Code  Gb  Drv_usart.o [1]
Uart3_Init              0x0000e1b3    0xc8  Code  Gb  Drv_usart.o [1]
Uart4_Init              0x0000e391    0xc8  Code  Gb  Drv_usart.o [1]
Uart4_Send              0x0000e4cf    0x4a  Code  Gb  Drv_usart.o [1]
Uart5_Init              0x0000e519    0x98  Code  Gb  Drv_usart.o [1]
VL53L0X_CheckAndLoadInterruptSettings
                        0x000110fb    0x96  Code  Gb  vl53l0x_api.o [1]
VL53L0X_ClearInterruptMask
                        0x00011695    0x58  Code  Gb  vl53l0x_api.o [1]
VL53L0X_DataInit        0x00010601   0x1ea  Code  Gb  vl53l0x_api.o [1]
VL53L0X_FastRead        0x000119cb    0x2e  Code  Gb  vl53l0x_platform.o [1]
VL53L0X_GetDeviceInfo   0x000105e9     0xc  Code  Gb  vl53l0x_api.o [1]
VL53L0X_GetDeviceMode   0x00010b2b     0xc  Code  Gb  vl53l0x_api.o [1]
VL53L0X_GetDeviceParameters
                        0x00010a2d    0xd6  Code  Gb  vl53l0x_api.o [1]
VL53L0X_GetFractionEnable
                        0x00010b37    0x22  Code  Gb  vl53l0x_api.o [1]
VL53L0X_GetInterMeasurementPeriodMilliSeconds
                        0x00010d97    0x48  Code  Gb  vl53l0x_api.o [1]
VL53L0X_GetInterruptMaskStatus
                        0x000116ed    0x2a  Code  Gb  vl53l0x_api.o [1]
VL53L0X_GetInterruptThresholds
                        0x00011645    0x42  Code  Gb  vl53l0x_api.o [1]
VL53L0X_GetLimitCheckEnable
                        0x00010eff    0x28  Code  Gb  vl53l0x_api.o [1]
VL53L0X_GetLimitCheckValue
                        0x00010fa9    0xc0  Code  Gb  vl53l0x_api.o [1]
VL53L0X_GetMeasurementDataReady
                        0x000112a5    0x4e  Code  Gb  vl53l0x_api.o [1]
VL53L0X_GetMeasurementTimingBudgetMicroSeconds
                        0x00010b65     0xc  Code  Gb  vl53l0x_api.o [1]
VL53L0X_GetOffsetCalibrationDataMicroMeter
                        0x000105f5     0xc  Code  Gb  vl53l0x_api.o [1]
VL53L0X_GetRangingMeasurementData
                        0x000112f3   0x18a  Code  Gb  vl53l0x_api.o [1]
VL53L0X_GetSequenceStepEnables
                        0x00010cc3    0x8a  Code  Gb  vl53l0x_api.o [1]
VL53L0X_GetSequenceStepTimeout
                        0x00010d4d    0x4a  Code  Gb  vl53l0x_api.o [1]
VL53L0X_GetVcselPulsePeriod
                        0x00010b81     0xe  Code  Gb  vl53l0x_api.o [1]
VL53L0X_GetWrapAroundCheckEnable
                        0x00011069    0x46  Code  Gb  vl53l0x_api.o [1]
VL53L0X_GetXTalkCompensationEnable
                        0x00010ddf     0xc  Code  Gb  vl53l0x_api.o [1]
VL53L0X_GetXTalkCompensationRateMegaCps
                        0x00010deb    0x3e  Code  Gb  vl53l0x_api.o [1]
VL53L0X_Init            0x00011955    0x76  Code  Gb  vl53l0x_platform.o [1]
VL53L0X_LINKOK          0x20002830     0x1  Data  Gb  Drv_vl53l0x.o [1]
VL53L0X_PerformSingleMeasurement
                        0x000110af    0x4c  Code  Gb  vl53l0x_api.o [1]
VL53L0X_PerformSingleRangingMeasurement
                        0x0001147d    0x42  Code  Gb  vl53l0x_api.o [1]
VL53L0X_RdByte          0x0001180f    0x1e  Code  Gb  vl53l0x_platform.o [1]
VL53L0X_RdDWord         0x0001184b    0x1e  Code  Gb  vl53l0x_platform.o [1]
VL53L0X_RdWord          0x0001182d    0x1e  Code  Gb  vl53l0x_platform.o [1]
VL53L0X_ReadMulti       0x0001174d    0x26  Code  Gb  vl53l0x_platform.o [1]
VL53L0X_SetDeviceMode   0x00010b03    0x28  Code  Gb  vl53l0x_api.o [1]
VL53L0X_SetGpioConfig   0x000114bf   0x186  Code  Gb  vl53l0x_api.o [1]
VL53L0X_SetLimitCheckEnable
                        0x00010e39    0xc6  Code  Gb  vl53l0x_api.o [1]
VL53L0X_SetLimitCheckValue
                        0x00010f27    0x82  Code  Gb  vl53l0x_api.o [1]
VL53L0X_SetMeasurementTimingBudgetMicroSeconds
                        0x00010b59     0xc  Code  Gb  vl53l0x_api.o [1]
VL53L0X_SetRefCalibration
                        0x00010e29    0x10  Code  Gb  vl53l0x_api.o [1]
VL53L0X_SetReferenceSpads
                        0x00011717     0xe  Code  Gb  vl53l0x_api.o [1]
VL53L0X_SetSequenceStepEnable
                        0x00010b8f    0xe6  Code  Gb  vl53l0x_api.o [1]
VL53L0X_SetVcselPulsePeriod
                        0x00010b71    0x10  Code  Gb  vl53l0x_api.o [1]
VL53L0X_StartMeasurement
                        0x00011191   0x114  Code  Gb  vl53l0x_api.o [1]
VL53L0X_StaticInit      0x000107eb   0x234  Code  Gb  vl53l0x_api.o [1]
VL53L0X_UpdateByte      0x000117b3    0x5c  Code  Gb  vl53l0x_platform.o [1]
VL53L0X_WrByte          0x00011773    0x20  Code  Gb  vl53l0x_platform.o [1]
VL53L0X_WrWord          0x00011793    0x20  Code  Gb  vl53l0x_platform.o [1]
VL53L0X_WriteMulti      0x00011725    0x28  Code  Gb  vl53l0x_platform.o [1]
VL53L0X_calc_dmax       0x0000ff79   0x128  Code  Gb  vl53l0x_api_core.o [1]
VL53L0X_calc_macro_period_ps
                        0x0000f4b3    0x18  Code  Gb  vl53l0x_api_core.o [1]
VL53L0X_calc_sigma_estimate
                        0x000100a1   0x260  Code  Gb  vl53l0x_api_core.o [1]
VL53L0X_calc_timeout_mclks
                        0x0000f50d    0x2c  Code  Gb  vl53l0x_api_core.o [1]
VL53L0X_calc_timeout_us
                        0x0000f539    0x2e  Code  Gb  vl53l0x_api_core.o [1]
VL53L0X_check_part_used
                        0x000123c5    0x4e  Code  Gb  vl53l0x_api_strings.o [1]
VL53L0X_decode_timeout  0x0000f4f7    0x16  Code  Gb  vl53l0x_api_core.o [1]
VL53L0X_decode_vcsel_period
                        0x0000eeb3     0xa  Code  Gb  vl53l0x_api_core.o [1]
VL53L0X_device_read_strobe
                        0x0000eef5    0x5a  Code  Gb  vl53l0x_api_core.o [1]
VL53L0X_encode_timeout  0x0000f4cb    0x2c  Code  Gb  vl53l0x_api_core.o [1]
VL53L0X_encode_vcsel_period
                        0x0000eebd     0xc  Code  Gb  vl53l0x_api_core.o [1]
VL53L0X_get_device_info
                        0x00012413    0xba  Code  Gb  vl53l0x_api_strings.o [1]
VL53L0X_get_info_from_device
                        0x0000ef4f   0x564  Code  Gb  vl53l0x_api_core.o [1]
VL53L0X_get_measurement_timing_budget_micro_seconds
                        0x0000fd35   0x118  Code  Gb  vl53l0x_api_core.o [1]
VL53L0X_get_offset_calibration_data_micro_meter
                        0x00011a4d    0x54  Code  Gb  vl53l0x_api_calibration.o [1]
VL53L0X_get_pal_range_status
                        0x0001030d   0x2dc  Code  Gb  vl53l0x_api_core.o [1]
VL53L0X_get_total_signal_rate
                        0x0000ff55    0x24  Code  Gb  vl53l0x_api_core.o [1]
VL53L0X_get_total_xtalk_rate
                        0x0000ff1f    0x36  Code  Gb  vl53l0x_api_core.o [1]
VL53L0X_get_vcsel_pulse_period
                        0x0000fbb1    0x46  Code  Gb  vl53l0x_api_core.o [1]
VL53L0X_isqrt           0x0000eec9    0x2c  Code  Gb  vl53l0x_api_core.o [1]
VL53L0X_load_tuning_settings
                        0x0000fe4d    0xd2  Code  Gb  vl53l0x_api_core.o [1]
VL53L0X_measurement_poll_for_completion
                        0x0000ee79    0x3a  Code  Gb  vl53l0x_api_core.o [1]
VL53L0X_perform_phase_calibration
                        0x00012297    0xa4  Code  Gb  vl53l0x_api_calibration.o [1]
VL53L0X_perform_ref_calibration
                        0x0001233b    0x56  Code  Gb  vl53l0x_api_calibration.o [1]
VL53L0X_perform_ref_spad_management
                        0x00011cbf   0x31a  Code  Gb  vl53l0x_api_calibration.o [1]
VL53L0X_perform_single_ref_calibration
                        0x000120bb    0x52  Code  Gb  vl53l0x_api_calibration.o [1]
VL53L0X_perform_vhv_calibration
                        0x000121ed    0xaa  Code  Gb  vl53l0x_api_calibration.o [1]
VL53L0X_read_byte       0x00012597    0x10  Code  Gb  vl53l0x_i2c.o [1]
VL53L0X_read_dword      0x000125cb    0x34  Code  Gb  vl53l0x_i2c.o [1]
VL53L0X_read_multi      0x00012505    0x20  Code  Gb  vl53l0x_i2c.o [1]
VL53L0X_read_word       0x000125a7    0x24  Code  Gb  vl53l0x_i2c.o [1]
VL53L0X_ref_calibration_io
                        0x0001210d    0xe0  Code  Gb  vl53l0x_api_calibration.o [1]
VL53L0X_set_measurement_timing_budget_micro_seconds
                        0x0000fbf7   0x13e  Code  Gb  vl53l0x_api_core.o [1]
VL53L0X_set_ref_calibration
                        0x00012391    0x2c  Code  Gb  vl53l0x_api_calibration.o [1]
VL53L0X_set_reference_spads
                        0x00011fd9    0xe2  Code  Gb  vl53l0x_api_calibration.o [1]
VL53L0X_set_vcsel_pulse_period
                        0x0000f841   0x370  Code  Gb  vl53l0x_api_core.o [1]
VL53L0X_write_byte      0x00012525    0x12  Code  Gb  vl53l0x_i2c.o [1]
VL53L0X_write_multi     0x000124e5    0x20  Code  Gb  vl53l0x_i2c.o [1]
VL53L0X_write_word      0x00012537    0x60  Code  Gb  vl53l0x_i2c.o [1]
WCZ_Acc_Get_Task        0x0001745d    0x26  Code  Gb  DY_FlightDataCal.o [1]
WCZ_Data_Calc           0x0000d9ad   0x20c  Code  Gb  DY_MotionCal.o [1]
WCZ_Data_Calc::cyc_xn   0x20002843     0x1  Data  Lc  DY_MotionCal.o [1]
WCZ_Data_Reset          0x0000dbb9    0x34  Code  Gb  DY_MotionCal.o [1]
WCZ_Fus_Task            0x00017483   0x1b4  Code  Gb  DY_FlightDataCal.o [1]
Wanning                 0x20000420    0x14  Data  Gb  Drv_usart.o [1]
__aeabi_d2f             0x0000eddd          Code  Gb  DblToFlt.o [5]
__aeabi_d2uiz           0x000179e1          Code  Gb  DblToU32.o [5]
__aeabi_dadd            0x000167c9          Code  Gb  DblAdd.o [5]
__aeabi_dmul            0x0000ec39          Code  Gb  DblMul.o [5]
__aeabi_f2d             0x00016781          Code  Gb  FltToDbl.o [5]
__aeabi_i2d             0x0000ec15          Code  Gb  S32ToDbl.o [5]
__aeabi_memclr4         0x0000ec0d          Code  Gb  ABImemclr4.o [7]
__cmain                 0x000186f1          Code  Gb  cmain.o [7]
__exit                  0x00018601    0x14  Code  Gb  exit.o [8]
__iar_Memset4_word      0x0000ee45          Code  Gb  ABImemset48.o [7]
__iar_Memset8_word      0x0000ee45          Code  Gb  ABImemset48.o [7]
__iar_dadd              0x00016941          Code  Gb  DblSub.o [5]
__iar_data_init3        0x00018655    0x28  Code  Gb  data_init.o [7]
__iar_dsub              0x000167d9          Code  Gb  DblAdd.o [5]
__iar_dsubStart         0x000167eb          Code  Gb  DblAdd.o [5]
__iar_init_vfp          0x000186a1          Code  Gb  fpinit_M.o [5]
__iar_packbits_init3    0x0001855f    0x9c  Code  Gb  packbits_init.o [7]
__iar_program_start     0x000187bb          Code  Gb  cstartup_M.o [7]
__iar_systems$$module {Abs}
                        0x00000001          Data  Gb  command line/config [2]
__iar_tan32             0x00015ee9   0x1bc  Code  Gb  tan32.o [5]
__iar_tan_medium32      0x00015ee9   0x1bc  Code  Gb  tan32.o [5]
__iar_tan_mediumf       0x00015ee9   0x1bc  Code  Gb  tan32.o [5]
__iar_unaligned_memcpy  0x0000e0b9          Code  Gb  ABImemcpy_unaligned.o [7]
__iar_unaligned_memcpy4
                        0x0000e0d9          Code  Gb  ABImemcpy_unaligned.o [7]
__iar_unaligned_memcpy8
                        0x0000e0d9          Code  Gb  ABImemcpy_unaligned.o [7]
__iar_unaligned_strcpy  0x00011a09          Code  Gb  strcpy_unaligned.o [7]
__iar_zero_init3        0x00018615    0x40  Code  Gb  zero_init3.o [7]
__low_level_init        0x0001870f     0x4  Code  Gb  low_level_init.o [4]
__vector_table          0x00008000   0x208  Data  Gb  startup_msp432e401y_ewarm.o [1]
_call_main              0x000186fd          Code  Gb  cmain.o [7]
_exit                   0x00018735          Code  Gb  cexit.o [7]
_main                   0x0001870b          Code  Gb  cmain.o [7]
abort                   0x000185fb     0x6  Code  Gb  abort.o [4]
abs                     0x000123bd     0x8  Code  Gb  abs.o [4]
acc_auto_sum_temp       0x20002594     0xc  Data  Gb  Drv_icm20602.o [1]
acc_f1                  0x200025ac     0xc  Data  Lc  Drv_icm20602.o [1]
acc_sum_cnt             0x200027d0     0x2  Data  Gb  Drv_icm20602.o [1]
acc_z_auto              0x2000262c     0x8  Data  Gb  Drv_icm20602.o [1]
acc_z_auto_cnt          0x200027d4     0x2  Data  Gb  Drv_icm20602.o [1]
adc0_value              0x200026a0     0x4  Data  Gb  Drv_adc.o [1]
ak8975_Trig             0x0001770b    0x1c  Code  Lc  Drv_ak8975.o [1]
ak8975_buf              0x20002624     0x8  Data  Lc  Drv_ak8975.o [1]
ak8975_enable           0x000176eb    0x20  Code  Lc  Drv_ak8975.o [1]
alt_3                   0x200026e0     0x4  Data  Gb  Drv_spl06.o [1]
alt_arg_1               0x20002468    0x18  Data  Gb  DY_AltCtrl.o [1]
alt_arg_2               0x20002450    0x18  Data  Gb  DY_AltCtrl.o [1]
alt_high                0x200026ec     0x4  Data  Gb  Drv_spl06.o [1]
alt_val_1               0x20002298    0x28  Data  Gb  DY_AltCtrl.o [1]
alt_val_2               0x20002270    0x28  Data  Gb  DY_AltCtrl.o [1]
ano_dt_data_ok          0x20002833     0x1  Data  Lc  DY_DT.o [1]
arg_1                   0x20002088    0x48  Data  Gb  DY_AttCtrl.o [1]
arg_2                   0x20002040    0x48  Data  Gb  DY_AttCtrl.o [1]
att_1l_ct               0x200023b4    0x1c  Data  Gb  DY_AttCtrl.o [1]
att_2l_ct               0x200022e8    0x24  Data  Gb  DY_AttCtrl.o [1]
auto_taking_off_speed   0x200027de     0x2  Data  Gb  DY_AltCtrl.o [1]
baro2tof_offset         0x20002738     0x4  Data  Gb  DY_FlightDataCal.o [1]
baro_Offset             0x200026dc     0x4  Data  Gb  Drv_spl06.o [1]
baro_fix                0x20002748     0x4  Data  Gb  DY_FlightDataCal.o [1]
baro_fix1               0x20002740     0x4  Data  Gb  DY_FlightDataCal.o [1]
baro_fix2               0x20002744     0x4  Data  Gb  DY_FlightDataCal.o [1]
baro_h_offset           0x20002728     0x4  Data  Gb  DY_FlightDataCal.o [1]
baro_height             0x20002724     0x4  Data  Gb  DY_FlightDataCal.o [1]
baro_offset_ok          0x20002840     0x1  Data  Lc  DY_FlightDataCal.o [1]
baro_pressure           0x200026f0     0x4  Data  Gb  Drv_spl06.o [1]
calculate_RPY           0x000144b5   0x106  Code  Gb  DY_Imu.o [1]
cali_acc                0x20002812     0x2  Data  Gb  DY_RC.o [1]
cali_gyro               0x20002810     0x2  Data  Gb  DY_RC.o [1]
cali_mag                0x200027b0     0x4  Data  Gb  DY_RC.o [1]
center_pos              0x20002110    0x3c  Data  Gb  Drv_icm20602.o [1]
ch_watch_dog            0x0001506b    0x76  Code  Gb  DY_RC.o [1]
ch_watch_dog_feed       0x00015045    0x26  Code  Gb  DY_RC.o [1]
chn_en_bit              0x20002846     0x1  Data  Gb  DY_RC.o [1]
count2                  0x20002829     0x1  Data  Gb  Drv_usart.o [1]
count3                  0x2000282b     0x1  Data  Gb  Drv_usart.o [1]
count4                  0x2000282d     0x1  Data  Gb  Drv_usart.o [1]
count5                  0x2000282f     0x1  Data  Gb  Drv_usart.o [1]
counter                 0x20002827     0x1  Data  Gb  Drv_usart.o [1]
ct_val                  0x20002554    0x10  Data  Lc  DY_AttCtrl.o [1]
ctrl_parameter_change_task
                        0x0000a5f1    0x22  Code  Gb  DY_FlightCtrl.o [1]
cwd_cnt                 0x20002520    0x14  Data  Lc  DY_RC.o [1]
data_brake              0x200024f8    0x14  Data  Gb  Drv_usart.o [1]
data_save               0x0000af45    0x1a  Code  Gb  DY_FcData.o [1]
data_to_send            0x20002184    0x34  Data  Gb  DY_DT.o [1]
dy_flag                 0x200025d0     0xc  Data  Gb  DY_Flight_Log.o [1]
dy_height               0x200027e0     0x2  Data  Gb  DY_AltCtrl.o [1]
dy_ov_height            0x2000281a     0x2  Data  Gb  DY_Tracking.o [1]
dy_ov_pit               0x20002816     0x2  Data  Gb  DY_Tracking.o [1]
dy_ov_rol               0x20002818     0x2  Data  Gb  DY_Tracking.o [1]
dy_ov_yaw               0x200027b8     0x4  Data  Gb  DY_Tracking.o [1]
dy_pit                  0x200027ec     0x2  Data  Gb  DY_FlightCtrl.o [1]
dy_rol                  0x200027ee     0x2  Data  Gb  DY_FlightCtrl.o [1]
dy_yaw                  0x20002710     0x4  Data  Gb  DY_AttCtrl.o [1]
enable_ref_spads        0x00011b79    0xb8  Code  Gb  vl53l0x_api_calibration.o [1]
enable_spad_bit         0x00011b29    0x30  Code  Gb  vl53l0x_api_calibration.o [1]
err_delay               0x200027dc     0x2  Data  Lc  Drv_vl53l0x.o [1]
err_i_comp              0x200026fc     0x4  Data  Lc  DY_AltCtrl.o [1]
exit                    0x00018731     0x4  Code  Gb  exit.o [4]
exp_pit_tmp             0x2000270c     0x4  Data  Lc  DY_AttCtrl.o [1]
exp_rol_tmp             0x20002708     0x4  Data  Lc  DY_AttCtrl.o [1]
f                       0x2000250c    0x14  Data  Gb  DY_DT.o [1]
fail_safe_check         0x000153fb    0x94  Code  Gb  DY_RC.o [1]
fail_safe_check::cnt    0x2000280e     0x2  Data  Lc  DY_RC.o [1]
fail_safe_check::cnt2   0x20002848     0x1  Data  Lc  DY_RC.o [1]
fast_atan2              0x0000d745   0x12e  Code  Gb  DY_Math.o [1]
fast_atan_table         0x00016f6c   0x404  Data  Gb  DY_Math.o [1]
fb_speed_fix            0x20002664     0x8  Data  Lc  DY_LocCtrl.o [1]
fix_inte_filter         0x0000e81f    0x80  Code  Gb  DY_Filter.o [1]
flag                    0x200023d0    0x1c  Data  Gb  DY_FcData.o [1]
flash_info              0x200025b8     0xc  Data  Lc  Drv_w25qxx.o [1]
flight_mode_old         0x2000048a     0x1  Data  Gb  DY_FlightCtrl.o [1]
flying_cnt              0x200027e6     0x2  Data  Gb  DY_FlightCtrl.o [1]
fs                      0x20002244    0x2c  Data  Gb  DY_FlightCtrl.o [1]
g_d_sum                 0x20000454     0xc  Data  Gb  Drv_icm20602.o [1]
g_old                   0x20002634     0x8  Data  Gb  Drv_icm20602.o [1]
g_pppui32XTALtoVCO      0x00012ca8   0x1b0  Data  Lc  sysctl_MSP432E411Y.obj [6]
g_pui32VCOFrequencies   0x00012e88     0x8  Data  Lc  sysctl_MSP432E411Y.obj [6]
g_pui32Xtals            0x00012c80    0x28  Data  Lc  sysctl_MSP432E411Y.obj [6]
g_sXTALtoMEMTIM         0x00012e58    0x30  Data  Lc  sysctl_MSP432E411Y.obj [6]
g_ui32SysClock          0x2000269c     0x4  Data  Gb  BSP_Init.o [1]
getDatafromEEPROM       0x20001d7c    0x80  Data  Gb  DY_FlyControl.o [3]
get_next_good_spad      0x00011aa1    0x6c  Code  Gb  vl53l0x_api_calibration.o [1]
get_ref_spad_map        0x00011b69    0x10  Code  Gb  vl53l0x_api_calibration.o [1]
get_sequence_step_timeout
                        0x0000f567   0x164  Code  Gb  vl53l0x_api_core.o [1]
group_n_cnt             0x2000264c     0x8  Data  Lc  Drv_led.o [1]
gyr_f1                  0x200025a0     0xc  Data  Lc  Drv_icm20602.o [1]
gyro_sum_cnt            0x200027d2     0x2  Data  Gb  Drv_icm20602.o [1]
height                  0x200026e4     0x4  Data  Gb  Drv_spl06.o [1]
icm20602_enable         0x0000afad    0x24  Code  Lc  Drv_icm20602.o [1]
icm20602_readbuf        0x0000afd1    0x2e  Code  Lc  Drv_icm20602.o [1]
icm20602_writebyte      0x0000afff    0x2a  Code  Lc  Drv_icm20602.o [1]
imu_data                0x200002ac    0xe8  Data  Gb  DY_Imu.o [1]
imu_reset_val           0x20002778     0x4  Data  Lc  DY_Imu.o [1]
imu_state               0x20000408    0x18  Data  Gb  DY_Imu.o [1]
inte_fix_filter         0x0000e799    0x86  Code  Gb  DY_Filter.o [1]
is_aperture             0x00011b0d    0x16  Code  Gb  vl53l0x_api_calibration.o [1]
land_discriminat        0x0000a68d    0xf6  Code  Gb  DY_FlightCtrl.o [1]
landing_cnt             0x200027e8     0x2  Data  Gb  DY_FlightCtrl.o [1]
ld_delay_cnt            0x200027ea     0x2  Data  Lc  DY_FlightCtrl.o [1]
led_accuracy            0x2000047c     0x2  Data  Gb  Drv_led.o [1]
led_breath              0x0001304d   0x170  Code  Gb  Drv_led.o [1]
led_breath::dir         0x200026a4     0x4  Data  Lc  Drv_led.o [1]
led_cnt_res_check       0x00013313    0x24  Code  Gb  Drv_led.o [1]
led_cnt_restar          0x000132d1    0x42  Code  Gb  Drv_led.o [1]
led_flash               0x000131bd   0x114  Code  Gb  Drv_led.o [1]
led_times               0x200027d6     0x2  Data  Lc  Drv_led.o [1]
length_limit            0x0000d91d    0x84  Code  Gb  DY_Math.o [1]
loc_arg_1               0x200021b8    0x30  Data  Gb  DY_LocCtrl.o [1]
loc_arg_1_fix           0x200021e8    0x30  Data  Gb  DY_LocCtrl.o [1]
loc_ctrl_1              0x20002330    0x24  Data  Gb  DY_LocCtrl.o [1]
loc_ctrl_2              0x20002354    0x24  Data  Gb  DY_LocCtrl.o [1]
loc_val_1               0x20001fa0    0x50  Data  Gb  DY_LocCtrl.o [1]
loc_val_1_fix           0x20001ff0    0x50  Data  Gb  DY_LocCtrl.o [1]
lpfValue                0x20000474     0x4  Data  Lc  OpticalFlow.o [1]
mag                     0x2000267c     0x8  Data  Gb  DY_MagProcess.o [1]
mag_cal_step            0x20002842     0x1  Data  Lc  DY_MagProcess.o [1]
mag_val                 0x2000265c     0x8  Data  Lc  DY_FlightDataCal.o [1]
mag_val_f               0x200025f4     0xc  Data  Lc  DY_Imu.o [1]
mag_yaw_calculate       0x00013aa1    0x26  Code  Gb  DY_Imu.o [1]
mag_yaw_err             0x20002774     0x4  Data  Lc  DY_Imu.o [1]
main                    0x00018715    0x1c  Code  Gb  main.o [1]
max_t                   0x2000266c     0x8  Data  Lc  DY_MagProcess.o [1]
max_yaw_speed           0x20002700     0x4  Data  Lc  DY_AttCtrl.o [1]
mc                      0x20002564    0x10  Data  Gb  DY_MotorCtrl.o [1]
min_t                   0x20002674     0x8  Data  Lc  DY_MagProcess.o [1]
motionBurst             0x2000260c     0xc  Data  Gb  OpticalFlow.o [1]
motionless_check        0x0000b2bd   0x190  Code  Gb  Drv_icm20602.o [1]
motor                   0x2000268c     0x8  Data  Gb  DY_MotorCtrl.o [1]
motor_prepara_cnt       0x200027f8     0x2  Data  Lc  DY_MotorCtrl.o [1]
motor_step              0x20002694     0x8  Data  Gb  DY_MotorCtrl.o [1]
mpu_auto_az             0x0000b1a1   0x11a  Code  Gb  Drv_icm20602.o [1]
mpu_buffer              0x20002534    0x10  Data  Gb  Drv_icm20602.o [1]
ms_cnt                  0x20002644     0x8  Data  Lc  Drv_led.o [1]
my_abs                  0x0000d735    0x10  Code  Gb  DY_Math.o [1]
my_deadzone             0x0000d8e9    0x32  Code  Gb  DY_Math.o [1]
my_sqrt                 0x0000d8b5    0x1c  Code  Gb  DY_Math.o [1]
my_sqrt_reciprocal      0x0000d873    0x42  Code  Gb  DY_Math.o [1]
of_check_cnt            0x20000468     0x4  Data  Lc  DY_OF.o [1]
of_check_f              0x20002804     0x2  Data  Lc  DY_OF.o [1]
of_light_delay          0x200027f0     0x2  Data  Lc  DY_FlightCtrl.o [1]
of_light_ok             0x20002837     0x1  Data  Lc  DY_FlightCtrl.o [1]
one_key_land            0x0000a683     0xa  Code  Gb  DY_FlightCtrl.o [1]
one_key_take_off        0x0000a667    0x1c  Code  Gb  DY_FlightCtrl.o [1]
one_key_take_off_task   0x0000a613    0x54  Code  Gb  DY_FlightCtrl.o [1]
one_key_taof_start      0x200027e4     0x2  Data  Gb  DY_FlightCtrl.o [1]
our_delay_time          0x0000d5ff     0xc  Code  Gb  operation.o [1]
our_delay_times         0x20002584    0x10  Data  Gb  operation.o [1]
our_flags               0x20000470     0x4  Data  Gb  operation.o [1]
our_height_pid          0x200024e0    0x18  Data  Gb  operation.o [1]
our_height_pid_Init     0x0000d5db    0x24  Code  Gb  operation.o [1]
our_height_pid_val      0x200022c0    0x28  Data  Gb  operation.o [1]
our_landing             0x0000d60d    0x14  Code  Gb  operation.o [1]
our_mission_height_control
                        0x0000d4d1   0x10a  Code  Gb  operation.o [1]
our_take_off            0x0000d4b5    0x1a  Code  Gb  operation.o [1]
out_DT                  0x0000d62d    0x70  Code  Gb  operation.o [1]
out_DT::counter_for_250ms
                        0x20002852     0x1  Data  Lc  operation.o [1]
out_DT::data            0x20000460     0x8  Data  Lc  operation.o [1]
p_spl0601               0x200026d8     0x4  Data  Lc  Drv_spl06.o [1]
para_sta                0x200027a8     0x4  Data  Gb  DY_Parameter.o [1]
perform_ref_signal_measurement
                        0x00011c31    0x8e  Code  Gb  vl53l0x_api_calibration.o [1]
pmw_lastOutX            0x200027c0     0x4  Data  Lc  OpticalFlow.o [1]
pmw_lastOutY            0x200027c4     0x4  Data  Lc  OpticalFlow.o [1]
pmw_pixel_flow          0x2000214c    0x38  Data  Gb  OpticalFlow.o [1]
q0q1                    0x20002750     0x4  Data  Lc  DY_Imu.o [1]
q0q2                    0x20002754     0x4  Data  Lc  DY_Imu.o [1]
q0q3                    0x20002770     0x4  Data  Lc  DY_Imu.o [1]
q1q1                    0x20002758     0x4  Data  Lc  DY_Imu.o [1]
q1q2                    0x2000276c     0x4  Data  Lc  DY_Imu.o [1]
q1q3                    0x2000275c     0x4  Data  Lc  DY_Imu.o [1]
q2q2                    0x20002760     0x4  Data  Lc  DY_Imu.o [1]
q2q3                    0x20002764     0x4  Data  Lc  DY_Imu.o [1]
q3q3                    0x20002768     0x4  Data  Lc  DY_Imu.o [1]
refArrayQuadrants       0x20000444    0x10  Data  Gb  vl53l0x_api_calibration.o [1]
ref_height_get_1        0x2000272c     0x4  Data  Gb  DY_FlightDataCal.o [1]
ref_height_get_2        0x20002730     0x4  Data  Gb  DY_FlightDataCal.o [1]
ref_height_old          0x2000278c     0x4  Data  Gb  DY_MotionCal.o [1]
ref_height_used         0x20002734     0x4  Data  Gb  DY_FlightDataCal.o [1]
ref_speed_old           0x20002790     0x4  Data  Gb  DY_MotionCal.o [1]
ref_tof_height          0x200027f2     0x2  Data  Gb  DY_FlightDataCal.o [1]
reset_cnt               0x200027f4     0x2  Data  Lc  DY_Imu.o [1]
reset_imu_f             0x2000283e     0x1  Data  Lc  DY_FlightDataCal.o [1]
retInitStatus           0x200027cc     0x4  Data  Gb  DY_FlyControl.o [3]
rolling_flag            0x20002480    0x18  Data  Gb  DY_AttCtrl.o [1]
save                    0x200020d0    0x40  Data  Gb  DY_FcData.o [1]
sched_tasks             0x20000394    0x54  Data  Lc  DY_Scheduler.o [1]
sens_hd_check           0x200025c4     0xc  Data  Gb  DY_FcData.o [1]
sensor                  0x20001f50    0x50  Data  Gb  Drv_icm20602.o [1]
sensor_val              0x20002408    0x18  Data  Gb  Drv_icm20602.o [1]
sensor_val_ref          0x20002438    0x18  Data  Gb  Drv_icm20602.o [1]
sensor_val_rot          0x20002420    0x18  Data  Gb  Drv_icm20602.o [1]
sequence_step_enabled   0x00010c75    0x4e  Code  Gb  vl53l0x_api.o [1]
set_ref_spad_map        0x00011b59    0x10  Code  Gb  vl53l0x_api_calibration.o [1]
set_sequence_step_timeout
                        0x0000f6cb   0x176  Code  Gb  vl53l0x_api_core.o [1]
set_yaw_av_tmp          0x20002704     0x4  Data  Lc  DY_AttCtrl.o [1]
signal_intensity        0x20002808     0x2  Data  Gb  DY_RC.o [1]
simple_3d_trans         0x0000e8a1    0xf4  Code  Gb  DY_Filter.o [1]
simple_3d_trans::h_tmp_x
                        0x20002714     0x4  Data  Lc  DY_Filter.o [1]
simple_3d_trans::h_tmp_y
                        0x20002718     0x4  Data  Lc  DY_Filter.o [1]
simple_3d_trans::pn     0x20002836     0x1  Data  Lc  DY_Filter.o [1]
speed_mode_old          0x20000489     0x1  Data  Gb  DY_FlightCtrl.o [1]
spl0601                 0x20002218    0x2c  Data  Lc  Drv_spl06.o [1]
spl0601_get_calib_param
                        0x00016281   0x1be  Code  Gb  Drv_spl06.o [1]
spl0601_get_pressure    0x000165d1    0xc2  Code  Gb  Drv_spl06.o [1]
spl0601_get_raw_pressure
                        0x000164b3    0x5e  Code  Gb  Drv_spl06.o [1]
spl0601_get_raw_temp    0x0001644f    0x64  Code  Gb  Drv_spl06.o [1]
spl0601_get_temperature
                        0x00016565    0x6c  Code  Gb  Drv_spl06.o [1]
spl0601_rateset         0x00016153   0x12e  Code  Gb  Drv_spl06.o [1]
spl0601_read            0x00016129    0x2a  Code  Lc  Drv_spl06.o [1]
spl0601_start_continuous
                        0x0001643f    0x10  Code  Gb  Drv_spl06.o [1]
spl0601_write           0x00016105    0x24  Code  Lc  Drv_spl06.o [1]
spl06_enable            0x000160e1    0x24  Code  Lc  Drv_spl06.o [1]
stick_fun_0             0x20002847     0x1  Data  Gb  DY_RC.o [1]
stick_fun_1             0x20002849     0x1  Data  Gb  DY_RC.o [1]
stick_fun_2             0x2000284a     0x1  Data  Gb  DY_RC.o [1]
stick_fun_3             0x2000284b     0x1  Data  Gb  DY_RC.o [1]
stick_fun_4             0x2000284c     0x1  Data  Gb  DY_RC.o [1]
stick_fun_5_magcali     0x2000284d     0x1  Data  Gb  DY_RC.o [1]
stick_function          0x00015519   0x16a  Code  Gb  DY_RC.o [1]
stick_function_check    0x00015495    0x56  Code  Gb  DY_RC.o [1]
stick_function_check_longpress
                        0x000154eb    0x2e  Code  Gb  DY_RC.o [1]
sum_temp                0x20002398    0x1c  Data  Gb  Drv_icm20602.o [1]
switchs                 0x20002654     0x8  Data  Gb  DY_FcData.o [1]
sysTickUptime           0x200026f4     0x4  Data  Gb  Drv_time.o [1]
sys_time                0x00017c9d     0xc  Code  Gb  Drv_time.o [1]
systemStack             0x20002854   0x400  Data  Lc  startup_msp432e401y_ewarm.o [1]
systime_ms              0x200026f8     0x4  Data  Gb  Drv_time.o [1]
t                       0x2000230c    0x24  Data  Gb  DY_Imu.o [1]
t_temp                  0x2000277c     0x4  Data  Gb  DY_Imu.o [1]
tanf                    0x00015ee9   0x1bc  Code  Gb  tan32.o [5]
temperature             0x200026e8     0x4  Data  Gb  Drv_spl06.o [1]
test_dT_1000hz          0x20002600     0xc  Data  Gb  DY_Scheduler.o [1]
test_rT                 0x200024c8    0x18  Data  Gb  DY_Scheduler.o [1]
test_si_cnt             0x2000280c     0x2  Data  Gb  DY_RC.o [1]
tof2baro_offset         0x2000273c     0x4  Data  Gb  DY_FlightDataCal.o [1]
tof_height_mm           0x200027da     0x2  Data  Gb  Drv_vl53l0x.o [1]
tof_offset_ok           0x20002841     0x1  Data  Lc  DY_FlightDataCal.o [1]
unlock                  0x000150e1   0x228  Code  Gb  DY_RC.o [1]
unlock_f                0x2000280a     0x2  Data  Gb  DY_RC.o [1]
unlock_time             0x2000047e     0x2  Data  Gb  DY_RC.o [1]
val_1                   0x20001e74    0x78  Data  Gb  DY_AttCtrl.o [1]
val_2                   0x20001dfc    0x78  Data  Gb  DY_AttCtrl.o [1]
vec_3dh_transition      0x0000e9a1     0x8  Code  Gb  DY_Filter.o [1]
vec_err                 0x200025dc     0xc  Data  Lc  DY_Imu.o [1]
vec_err_i               0x200025e8     0xc  Data  Lc  DY_Imu.o [1]
vl53l0x_dev             0x2000161c   0x160  Data  Gb  vl53l0x_platform.o [1]
vl53l0x_dev_info        0x20001eec    0x64  Data  Gb  vl53l0x_platform.o [1]
vl53l0x_measure_init    0x00011869    0xec  Code  Gb  vl53l0x_platform.o [1]
vl53l0x_status          0x20002853     0x1  Data  Gb  vl53l0x_platform.o [1]
voltage_f               0x2000046c     0x4  Data  Lc  DY_power.o [1]
voltage_init_ok         0x20002845     0x1  Data  Lc  DY_power.o [1]
w2h_2d_trans            0x00013a61    0x3e  Code  Gb  DY_Imu.o [1]
wcz_acc                 0x200027a4     0x4  Data  Lc  DY_MotionCal.o [1]
wcz_acc_deadzone        0x200027a0     0x4  Data  Lc  DY_MotionCal.o [1]
wcz_acc_fus             0x200023ec    0x1c  Data  Gb  DY_MotionCal.o [1]
wcz_acc_use             0x2000274c     0x4  Data  Gb  DY_FlightDataCal.o [1]
wcz_f_pause             0x2000283f     0x1  Data  Lc  DY_FlightDataCal.o [1]
wcz_hei_fus             0x200024b0    0x18  Data  Gb  DY_MotionCal.o [1]
wcz_ref_acc             0x2000279c     0x4  Data  Gb  DY_MotionCal.o [1]
wcz_ref_height          0x20002794     0x4  Data  Gb  DY_MotionCal.o [1]
wcz_ref_speed           0x20002798     0x4  Data  Gb  DY_MotionCal.o [1]
wcz_spe_fus             0x20002498    0x18  Data  Gb  DY_MotionCal.o [1]
zigbee_data_Sent        0x0000e61b    0xd6  Code  Gb  Drv_usart.o [1]
zigbee_data_process     0x0000e615     0x6  Code  Gb  Drv_usart.o [1]


[1] = D:\IAR\savelocation\DeYan_UAV\Debug\Obj
[2] = command line
[3] = DeYan_UAV.a
[4] = dl7M_tln.a
[5] = m7M_tls.a
[6] = msp432e4_driverlib.a
[7] = rt7M_tl.a
[8] = shb_l.a

  65 822 bytes of readonly  code memory
   2 668 bytes of readonly  data memory
  11 348 bytes of readwrite data memory

Errors: none
Warnings: none
